[+] attaching to PID 26152
[+] IL2CPP ready, scouting...

=== PHASE 1: CANDIDATE CLASSES ===
--- umamusume ---
  Gallop.RaceResultSwapMotionCySpringBoneDisableData
  Gallop.RaceResultSwapMotionData.SwapData
  Gallop.RaceResultSwapMotionData.<>c
  Gallop.RaceResultSwapMotionData.<>c__DisplayClass7_0
  Gallop.RaceResultSwapMotionData
  Gallop.MasterTeamStadiumDatabase
  Gallop.MasterTeamStadium.TeamStadium
  Gallop.MasterTeamStadium
  Gallop.MasterTeamStadiumBgm.TeamStadiumBgm
  Gallop.MasterTeamStadiumBgm
  Gallop.MasterTeamStadiumClass.TeamStadiumClass
  Gallop.MasterTeamStadiumClass.<>c
  Gallop.MasterTeamStadiumClass.<>c__DisplayClass18_0
  Gallop.MasterTeamStadiumClass.<>c__DisplayClass19_0
  Gallop.MasterTeamStadiumClass
  Gallop.MasterTeamStadiumClassReward.TeamStadiumClassReward
  Gallop.MasterTeamStadiumClassReward
  Gallop.MasterTeamStadiumEvaluationRate.TeamStadiumEvaluationRate
  Gallop.MasterTeamStadiumEvaluationRate
  Gallop.MasterTeamStadiumRaceResultMotion.TeamStadiumRaceResultMotion
  Gallop.MasterTeamStadiumRaceResultMotion
  Gallop.MasterTeamStadiumRank.TeamStadiumRank
  Gallop.MasterTeamStadiumRank
  Gallop.MasterTeamStadiumRawScore.TeamStadiumRawScore
  Gallop.MasterTeamStadiumRawScore
  Gallop.MasterTeamStadiumScoreBonus.TeamStadiumScoreBonus
  Gallop.MasterTeamStadiumScoreBonus
  Gallop.MasterTeamStadiumStandMotion.TeamStadiumStandMotion
  Gallop.MasterTeamStadiumStandMotion
  Gallop.MasterTeamStadiumSupportText.TeamStadiumSupportText
  Gallop.MasterTeamStadiumSupportText
  Gallop.TempData.ChampionsRaceInfo
  Gallop.TempData.SingleModeTempData.TeamRaceInfo
  Gallop.TempData.RoomMatchTempData
  Gallop.WorkChallengeMatchData.CurrentRaceInfo.RaceState
  Gallop.WorkChallengeMatchData.CurrentRaceInfo
  Gallop.WorkChampionsData.ChampionsRaceResult
  Gallop.WorkCircleChatData.RoomMatchInviteInfo.<>c__DisplayClass28_0
  Gallop.WorkCircleChatData.RoomMatchInviteInfo
  Gallop.WorkDailyLegendRaceData.CurrentRaceInfo
  Gallop.WorkHeroesData.Stage1CurrentRaceInfo.ResumeState
  Gallop.WorkHeroesData.Stage1CurrentRaceInfo
  Gallop.WorkHeroesData.FinalCurrentRaceInfo
  Gallop.WorkPracticeRaceData.RaceResultData
  Gallop.WorkRoomMatchData.RoomData.<>c__DisplayClass85_0
  Gallop.WorkRoomMatchData.RoomData
  Gallop.WorkRoomMatchData.RestrictCharaData.<>c
  Gallop.WorkRoomMatchData.RestrictCharaData
  Gallop.WorkRoomMatchData.UserData.<>c
  Gallop.WorkRoomMatchData.UserData
  Gallop.WorkRoomMatchData.RoomMatchTrainedCharaData
  Gallop.WorkRoomMatchData.RaceResultData
  Gallop.WorkRoomMatchData.SavedRaceResultData
  Gallop.WorkRoomMatchData.<>c
  Gallop.WorkRoomMatchData.<>c__DisplayClass100_0
  Gallop.WorkRoomMatchData.<>c__DisplayClass102_0
  Gallop.WorkRoomMatchData.<>c__DisplayClass83_0
  Gallop.WorkRoomMatchData.<>c__DisplayClass89_0
  Gallop.WorkRoomMatchData.<>c__DisplayClass99_0
  Gallop.WorkRoomMatchData
  Gallop.WorkSingleModeScenarioTeamRace.SingleTeamRaceResult.<>c
  Gallop.WorkSingleModeScenarioTeamRace.SingleTeamRaceResult.<>c__DisplayClass50_0
  Gallop.WorkSingleModeScenarioTeamRace.SingleTeamRaceResult.<>c__DisplayClass51_0
  Gallop.WorkSingleModeScenarioTeamRace.SingleTeamRaceResult.<>c__DisplayClass52_0
  Gallop.WorkSingleModeScenarioTeamRace.SingleTeamRaceResult.<>c__DisplayClass53_0
  Gallop.WorkSingleModeScenarioTeamRace.SingleTeamRaceResult.<>c__DisplayClass54_0
  Gallop.WorkSingleModeScenarioTeamRace.SingleTeamRaceResult
  Gallop.WorkTeamBuildingData.RaceResultInfo.<>c
  Gallop.WorkTeamBuildingData.RaceResultInfo
  Gallop.WorkTeamBuildingData.CurrentRaceInfo.RaceState
  Gallop.WorkTeamBuildingData.CurrentRaceInfo
  Gallop.WorkTeamStadiumData.TeamStadiumMenuBgmData
  Gallop.WorkTeamStadiumData.OpponentData.<>c__DisplayClass25_0
  Gallop.WorkTeamStadiumData.OpponentData
  Gallop.WorkTeamStadiumData.UserData
  Gallop.WorkTeamStadiumData.TeamStadiumResult.RaceResult
  Gallop.WorkTeamStadiumData.TeamStadiumResult.<>c
  Gallop.WorkTeamStadiumData.TeamStadiumResult.<>c__DisplayClass16_0
  Gallop.WorkTeamStadiumData.TeamStadiumResult.<>c__DisplayClass16_1
  Gallop.WorkTeamStadiumData.TeamStadiumResult.<>c__DisplayClass17_0
  Gallop.WorkTeamStadiumData.TeamStadiumResult.<>c__DisplayClass18_0
  Gallop.WorkTeamStadiumData.TeamStadiumResult
  Gallop.WorkTeamStadiumData.TeamStadiumUpdateTeamRankInfo
  Gallop.WorkTeamStadiumData.<>c__DisplayClass72_0
  Gallop.WorkTeamStadiumData
  Gallop.DialogChallengeMatchRace.VariableRaceParameter
  Gallop.PartsCharacterDatailRaceResultList.SetupParameter
  Gallop.PartsCharacterDatailRaceResultList.<>c
  Gallop.PartsCharacterDatailRaceResultList
  Gallop.PartsCharacterDatailRaceResultListItem.<>c__DisplayClass10_0
  Gallop.PartsCharacterDatailRaceResultListItem
  Gallop.DialogHeroesFinalRaceResultUmaineLive.<>c
  Gallop.DialogHeroesFinalRaceResultUmaineLive.<>c__DisplayClass43_0
  Gallop.DialogHeroesFinalRaceResultUmaineLive.<PlayIn>d__53
  Gallop.DialogHeroesFinalRaceResultUmaineLive.<PrepareMiniCharacter>d__58
  Gallop.DialogHeroesFinalRaceResultUmaineLive.<UpdateShadowPos>d__51
  Gallop.DialogHeroesFinalRaceResultUmaineLive
  Gallop.DialogHeroesFinalUmaineRaceInfo
  Gallop.DialogHeroesRaceResultList.<>c
  Gallop.DialogHeroesRaceResultList.<>c__DisplayClass27_0
  Gallop.DialogHeroesRaceResultList
  Gallop.PartsHeroesFinalRaceResultContainer
  Gallop.PartsHeroesFinalUmaineRaceInfoItem
  Gallop.PartsHeroesStage1RaceResult.HeroesRaceResultTeam3DRenderer
  Gallop.PartsHeroesStage1RaceResult.<>c
  Gallop.PartsHeroesStage1RaceResult.<>c__DisplayClass52_0
  Gallop.PartsHeroesStage1RaceResult.<>c__DisplayClass52_1
  Gallop.PartsHeroesStage1RaceResult.<>c__DisplayClass53_0
  Gallop.PartsHeroesStage1RaceResult.<>c__DisplayClass56_0
  Gallop.PartsHeroesStage1RaceResult.<>c__DisplayClass59_0
  Gallop.PartsHeroesStage1RaceResult.<InitializeEachPlayIn>d__51
  Gallop.PartsHeroesStage1RaceResult.<PlayBGM>d__54
  Gallop.PartsHeroesStage1RaceResult.<PlayIn>d__52
  Gallop.PartsHeroesStage1RaceResult.<PlayOut>d__53
  Gallop.PartsHeroesStage1RaceResult
  Gallop.PartsRaceInfoHeader.RaceInfoHeaderModel
  Gallop.PartsRaceInfoHeader
  Gallop.RaceGroupGradeList.<>c__2<TRaceInfo,TGradeInfo>
  Gallop.RaceGroupGradeList.<>c__DisplayClass2_0<TRaceInfo,TGradeInfo>
  Gallop.RaceGroupList.<>c__DisplayClass3_0<TRaceInfo,TGradeInfo>
  Gallop.RaceGroupListItem.<>c__DisplayClass8_0<TRaceInfo,TGradeInfo>
  Gallop.PartsTeamBuildingRaceResultRewardList.<>c
  Gallop.PartsTeamBuildingRaceResultRewardList.<>c__DisplayClass49_0
  Gallop.PartsTeamBuildingRaceResultRewardList.<CoroutineScoutTimeCutIn>d__59
  Gallop.PartsTeamBuildingRaceResultRewardList
  Gallop.ResourcePath.RaceResultCuttType
  Gallop.ResourcePath.RaceResultPathType
  Gallop.ResourcePath.TeamStadium3DColor
  Gallop.ChampionsDefines.RaceResult
  Gallop.ChampionsRaceResultInfoListItem
  Gallop.ChampionsRaceResultInfoListItemChara
  Gallop.DialogChampionsRaceInfo
  Gallop.DialogChampionsRaceResultDetail.Context
  Gallop.DialogChampionsRaceResultDetail.<>c
  Gallop.DialogChampionsRaceResultDetail.<>c__DisplayClass21_0
  Gallop.DialogChampionsRaceResultDetail
  Gallop.DialogChampionsRaceResultInfo.<>c
  Gallop.DialogChampionsRaceResultInfo.<>c__DisplayClass10_0
  Gallop.DialogChampionsRaceResultInfo.<>c__DisplayClass9_0
  Gallop.DialogChampionsRaceResultInfo
  Gallop.ChampionsRaceInfoUI
  Gallop.CircleRoomMatchInfo.<>c
  Gallop.CircleRoomMatchInfo.<OnError>d__25
  Gallop.CircleRoomMatchInfo
  Gallop.DailyRaceInfo.GradeInfo.<>c__DisplayClass18_0
  Gallop.DailyRaceInfo.GradeInfo
  Gallop.DailyRaceInfo.<>c
  Gallop.DailyRaceInfo
  Gallop.DailyRaceViewController.<DownloadRaceInfoAssets>d__41
  Gallop.DailyRaceViewController.<OpenDialogSkipRaceResult>d__39
  Gallop.DialogDailyRaceSkipMultiRaceResult.PlayEffectType
  Gallop.DialogDailyRaceSkipMultiRaceResult.<>c
  Gallop.DialogDailyRaceSkipMultiRaceResult.<>c__DisplayClass61_0
  Gallop.DialogDailyRaceSkipMultiRaceResult.<>c__DisplayClass67_0
  Gallop.DialogDailyRaceSkipMultiRaceResult.<>c__DisplayClass68_0
  Gallop.DialogDailyRaceSkipMultiRaceResult.<>c__DisplayClass68_1
  Gallop.DialogDailyRaceSkipMultiRaceResult.<>c__DisplayClass68_2
  Gallop.DialogDailyRaceSkipMultiRaceResult.<>c__DisplayClass68_3
  Gallop.DialogDailyRaceSkipMultiRaceResult.<>c__DisplayClass69_0
  Gallop.DialogDailyRaceSkipMultiRaceResult
  Gallop.PartsDailyRaceSkipMultiRaceResultListItem.<>c
  Gallop.PartsDailyRaceSkipMultiRaceResultListItem.<>c__DisplayClass46_0
  Gallop.PartsDailyRaceSkipMultiRaceResultListItem.<>c__DisplayClass46_1
  Gallop.PartsDailyRaceSkipMultiRaceResultListItem
  Gallop.Heroes3DRaceResultParameter
  Gallop.HeroesStage1RacingBaseViewController.<PlayInAnimationFromRaceResult>d__63
  Gallop.HeroesUtil.<FinalRaceResultDialogCoroutine>d__46
  Gallop.HomeStartCheckSequence.RoomMatchSnsInviteDialogInfo.<>c
  Gallop.HomeStartCheckSequence.RoomMatchSnsInviteDialogInfo.<>c__DisplayClass3_0
  Gallop.HomeStartCheckSequence.RoomMatchSnsInviteDialogInfo.<>c__DisplayClass3_1
  Gallop.HomeStartCheckSequence.RoomMatchSnsInviteDialogInfo.<>c__DisplayClass4_0
  Gallop.HomeStartCheckSequence.RoomMatchSnsInviteDialogInfo.<>c__DisplayClass5_0
  Gallop.HomeStartCheckSequence.RoomMatchSnsInviteDialogInfo
  Gallop.HomeStartCheckSequence.TeamStadiumUpdateTeamRank.<>c
  Gallop.HomeStartCheckSequence.TeamStadiumUpdateTeamRank
  Gallop.LegendRaceInfo.GradeInfo.<>c__DisplayClass28_0
  Gallop.LegendRaceInfo.GradeInfo
  Gallop.LegendRaceInfo.<>c
  Gallop.LegendRaceInfo
  Gallop.LegendRaceViewController.<DownloadRaceInfoAssets>d__34
  Gallop.PracticeRaceResultView
  Gallop.PracticeRaceResultViewController.<>c
  Gallop.PracticeRaceResultViewController.<>c__DisplayClass11_0
  Gallop.PracticeRaceResultViewController.<>c__DisplayClass12_0
  Gallop.PracticeRaceResultViewController.<>c__DisplayClass13_0
  Gallop.PracticeRaceResultViewController.<>c__DisplayClass9_0
  Gallop.PracticeRaceResultViewController.<InitializeView>d__4
  Gallop.PracticeRaceResultViewController.<PlayInView>d__5
  Gallop.PracticeRaceResultViewController
  Gallop.PartsPracticeRaceRaceInfoAndSetting
  Gallop.ExhibitionRaceRaceInfoAndSetting
  Gallop.RaceResultBoardCamera
  Gallop.CourseCameraController.RaceHorseInfo
  Gallop.HorseRaceInfo.LaneType
  Gallop.HorseRaceInfo.Phase
  Gallop.HorseRaceInfo.DirtPosition
  Gallop.HorseRaceInfo.DistanceDivision
  Gallop.HorseRaceInfo.GroundModifierParam
  Gallop.HorseRaceInfo
  Gallop.HorseRaceInfoReplay
  Gallop.HorseRaceInfoSimulate
  Gallop.HorseRaceInfoSimulateChallengeMatch
  Gallop.HorseRaceInfoSimulateStadium
  Gallop.HorseRaceInfoStoryReplay
  Gallop.IHorseRaceInfo
  Gallop.IRaceHorseAccessor
  Gallop.IRaceHorseManager
  Gallop.IRaceParameter
  Gallop.RaceHorseManagerBase.<>c
  Gallop.RaceHorseManagerBase.<>c__DisplayClass38_0
  Gallop.RaceHorseManagerBase
  Gallop.RaceHorseManagerCutInEditor
  Gallop.RaceHorseManagerReplay.<>c
  Gallop.RaceHorseManagerReplay.<>c__DisplayClass14_0
  Gallop.RaceHorseManagerReplay
  Gallop.RaceHorseManagerSimulate.<>c
  Gallop.RaceHorseManagerSimulate
  Gallop.RaceHorseMarkerController.MarkerType
  Gallop.RaceHorseMarkerController
  Gallop.RaceParameter
  Gallop.JikkyoTrigger.SingleModeRaceResultDesc
  Gallop.RaceLoaderRaceResultSceneUI.<OnLoadEnd>d__8
  Gallop.RaceLoaderRaceResultSceneUI
  Gallop.RaceLoaderRaceResult.<OnLoadEnd>d__13
  Gallop.RaceLoaderRaceResult
  Gallop.DialogRaceResultList.<>c
  Gallop.DialogRaceResultList.<>c__DisplayClass65_0
  Gallop.DialogRaceResultList
  Gallop.IRaceResultBoard
  Gallop.RaceResultBoard.ConfirmIconType
  Gallop.RaceResultBoard.IDelayExecutable
  Gallop.RaceResultBoard.SimpleDelayActivate
  Gallop.RaceResultBoard.ImgController
  Gallop.RaceResultBoard.FinishDiffType
  Gallop.RaceResultBoard.InitDesc
  Gallop.RaceResultBoard.<>c__DisplayClass52_0
  Gallop.RaceResultBoard
  Gallop.RaceResultBoardNull
  Gallop.RaceResultChampionsViewModel
  Gallop.RaceResultChampionsView.ChampionsDialog
  Gallop.RaceResultChampionsView.<>c__DisplayClass26_0
  Gallop.RaceResultChampionsView.<>c__DisplayClass40_0
  Gallop.RaceResultChampionsView.<>c__DisplayClass44_0
  Gallop.RaceResultChampionsView.<OpenChampionsDialogAsync>d__40
  Gallop.RaceResultChampionsView.<PlayInViewAsync>d__37
  Gallop.RaceResultChampionsView.<PlayOutView>d__46
  Gallop.RaceResultChampionsView.<SetupBGM>d__26
  Gallop.RaceResultChampionsView
  Gallop.RaceResultContainer.<>c
  Gallop.RaceResultContainer.<>c__DisplayClass33_0
  Gallop.RaceResultContainer.<>c__DisplayClass33_1
  Gallop.RaceResultContainer.<>c__DisplayClass33_2
  Gallop.RaceResultContainer.<>c__DisplayClass33_3
  Gallop.RaceResultContainer.<>c__DisplayClass40_0
  Gallop.RaceResultContainer
  Gallop.RaceResultItemLabelSet.<>c__DisplayClass18_0
  Gallop.RaceResultItemLabelSet
  Gallop.RaceResultItemList.IconType
  Gallop.RaceResultItemList.RewardItemInfo
  Gallop.RaceResultItemList.RewardIconInfo
  Gallop.RaceResultItemList.<>c__DisplayClass21_0
  Gallop.RaceResultItemList.<>c__DisplayClass21_1
  Gallop.RaceResultItemList
  Gallop.RaceResultList.ResultCutInSet.<>c
  Gallop.RaceResultList.ResultCutInSet.<>c__DisplayClass31_0
  Gallop.RaceResultList.ResultCutInSet.<>c__DisplayClass33_0.<<PlayAnimation>g__ObliquenessCoroutine|0>d
  Gallop.RaceResultList.ResultCutInSet.<>c__DisplayClass33_0
  Gallop.RaceResultList.ResultCutInSet.<CreateResultCuttCoroutine>d__31
  Gallop.RaceResultList.ResultCutInSet
  Gallop.RaceResultList.ChampionsDialog
  Gallop.RaceResultList.<>c
  Gallop.RaceResultList.<>c__DisplayClass123_0
  Gallop.RaceResultList.<>c__DisplayClass124_0
  Gallop.RaceResultList.<>c__DisplayClass127_0
  Gallop.RaceResultList.<>c__DisplayClass128_0
  Gallop.RaceResultList.<>c__DisplayClass134_0
  Gallop.RaceResultList.<>c__DisplayClass135_0
  Gallop.RaceResultList.<>c__DisplayClass149_0
  Gallop.RaceResultList.<>c__DisplayClass167_0
  Gallop.RaceResultList.<>c__DisplayClass183_0
  Gallop.RaceResultList.<>c__DisplayClass203_0
  Gallop.RaceResultList.<>c__DisplayClass203_1
  Gallop.RaceResultList.<>c__DisplayClass228_0
  Gallop.RaceResultList.<>c__DisplayClass233_0
  Gallop.RaceResultList.<>c__DisplayClass240_0
  Gallop.RaceResultList.<>c__DisplayClass269_0
  Gallop.RaceResultList.<>c__DisplayClass276_0
  Gallop.RaceResultList.<>c__DisplayClass279_0
  Gallop.RaceResultList.<>c__DisplayClass280_0
  Gallop.RaceResultList.<>c__DisplayClass281_0
  Gallop.RaceResultList.<>c__DisplayClass283_0
  Gallop.RaceResultList.<CancelNoWinReserveIfWin>d__135
  Gallop.RaceResultList.<CloseDialogAndRaceReplayCoroutine>d__149
  Gallop.RaceResultList.<ContinueRoutine>d__228
  Gallop.RaceResultList.<ContinueRoutineVenus>d__233
  Gallop.RaceResultList.<DestroyCoroutine>d__184
  Gallop.RaceResultList.<FadeInBottomButton>d__127
  Gallop.RaceResultList.<MakeResultCuttCapture>d__112
  Gallop.RaceResultList.<OpenFinalDialogAsync>d__132
  Gallop.RaceResultList.<OpenRankListAsync>d__264
  Gallop.RaceResultList.<OpenRankListSingleModeBehavior>d__266
  Gallop.RaceResultList.<PlayClassAsync>d__136
  Gallop.RaceResultList.<PlayEnterAsync>d__111
  Gallop.RaceResultList.<PlayEnterChallengeMatchRaceResultAsync>d__117
  Gallop.RaceResultList.<PlayEnterChampionsRaceResultAsync>d__203
  Gallop.RaceResultList.<PlayEnterHeroesTeamRaceResultAsync>d__217
  Gallop.RaceResultList.<PlayEnterLegendRaceResultAsync>d__114
  Gallop.RaceResultList.<PlayEnterRivalResultAsync>d__115
  Gallop.RaceResultList.<PlayEnterRivalResultAsync>d__116
  Gallop.RaceResultList.<PlayEnterSingleModeScenarioTeamRaceResultAsync>d__119
  Gallop.RaceResultList.<PlayEnterTeamRaceResultAsync>d__118
  Gallop.RaceResultList.<RaceContinue>d__279
  Gallop.RaceResultList.<SingleModeContinueDialog>d__269
  Gallop.RaceResultList.<SingleModeRaceEndRequest>d__282
  Gallop.RaceResultList.<SingleModeTrophy>d__283
  Gallop.RaceResultList.<TeamBuildingCoroutineOpenGetDialogs>d__240
  Gallop.RaceResultList.<UpdateChampionsVersus>d__209
  Gallop.RaceResultList
  Gallop.RaceResultListClassPanel.DefinePlaySequenceType
  Gallop.RaceResultListClassPanel.ItemLabelType
  Gallop.RaceResultListClassPanel.<>c
  Gallop.RaceResultListClassPanel.<>c__DisplayClass41_0
  Gallop.RaceResultListClassPanel.<>c__DisplayClass42_0
  Gallop.RaceResultListClassPanel.<>c__DisplayClass43_0
  Gallop.RaceResultListClassPanel.<>c__DisplayClass43_1
  Gallop.RaceResultListClassPanel.<>c__DisplayClass43_2
  Gallop.RaceResultListClassPanel.<>c__DisplayClass43_3
  Gallop.RaceResultListClassPanel
  Gallop.RaceResultListDaily.RewardStep
  Gallop.RaceResultListDaily.<>c
  Gallop.RaceResultListDaily.<>c__DisplayClass8_0
  Gallop.RaceResultListDaily.<>c__DisplayClass8_1
  Gallop.RaceResultListDaily.<>c__DisplayClass9_0
  Gallop.RaceResultListDaily
  Gallop.RaceResultListItemRewardPanel.<>c
  Gallop.RaceResultListItemRewardPanel
  Gallop.RaceResultListPyramid.<>c
  Gallop.RaceResultListPyramid.<>c__DisplayClass20_0
  Gallop.RaceResultListPyramid.<>c__DisplayClass21_0
  Gallop.RaceResultListPyramid
  Gallop.RaceResultScene.DelayPlayDesc
  Gallop.RaceResultScene.<>c
  Gallop.RaceResultScene.<>c__DisplayClass49_0
  Gallop.RaceResultScene.<OnInit>d__46
  Gallop.RaceResultScene.<OnLoad>d__52
  Gallop.RaceResultScene.<OnSetup>d__50
  Gallop.RaceResultScene.<RaceResultProcess>d__55
  Gallop.RaceResultScene.<Skip>d__47
  Gallop.RaceResultScene
  Gallop.IRaceResultReporter
  Gallop.RaceResultReporterNull
  Gallop.RaceTitlePlayerTweenAnimationTeamStadium
  Gallop.ChallengeMatchRaceResultHorsePoint
  Gallop.IRaceResultSceneUI
  Gallop.LegendRaceResultUI.<>c__DisplayClass31_0
  Gallop.LegendRaceResultUI
  Gallop.MessagePlateTeamStadium.<>c__DisplayClass45_0
  Gallop.MessagePlateTeamStadium
  Gallop.RaceResultSceneUI.Step
  Gallop.RaceResultSceneUI.<>c
  Gallop.RaceResultSceneUI
  Gallop.RaceResultSceneUISingle.<>c__DisplayClass2_0
  Gallop.RaceResultSceneUISingle
  Gallop.RaceResultSceneUITeamStadium.ResultBonusConditionType
  Gallop.RaceResultSceneUITeamStadium.RankDispDesc
  Gallop.RaceResultSceneUITeamStadium.<>c
  Gallop.RaceResultSceneUITeamStadium.<>c__DisplayClass51_0
  Gallop.RaceResultSceneUITeamStadium.<>c__DisplayClass54_0
  Gallop.RaceResultSceneUITeamStadium.<PlayHorseCoroutine>d__56
  Gallop.RaceResultSceneUITeamStadium.<PlaySubBonusRateCoroutine>d__67
  Gallop.RaceResultSceneUITeamStadium.<PlaySubBonusScoreCoroutine>d__66
  Gallop.RaceResultSceneUITeamStadium.<PlayTeamCoroutine>d__65
  Gallop.RaceResultSceneUITeamStadium
  Gallop.IRaceUITeamStadiumScoreController
  Gallop.RaceUITeamStadiumScoreControllerNull
  Gallop.RaceUITeamStadiumScoreController
  Gallop.RivalRaceResultUI.<>c__DisplayClass22_0
  Gallop.RivalRaceResultUI
  Gallop.TeamStadiumRaceResultHorseScore
  Gallop.TeamStadiumRaceResultTeamScore.SubBonus
  Gallop.TeamStadiumRaceResultTeamScore
  Gallop.TeamStadiumScoreEffect
  Gallop.TeamStadiumScorePlate
  Gallop.RaceHorseSimulateData
  Gallop.RaceResultHorseData.<>c
  Gallop.RaceResultHorseData
  Gallop.RaceHorseAccessorSimple.<>c
  Gallop.RaceHorseAccessorSimple.<>c__DisplayClass25_0
  Gallop.RaceHorseAccessorSimple.<>c__DisplayClass26_0
  Gallop.RaceHorseAccessorSimple.<>c__DisplayClass27_0
  Gallop.RaceHorseAccessorSimple.<>c__DisplayClass28_0
  Gallop.RaceHorseAccessorSimple.<>c__DisplayClass33_0
  Gallop.RaceHorseAccessorSimple.<>c__DisplayClass34_0
  Gallop.RaceHorseAccessorSimple
  Gallop.RaceInfo.RaceRewardInfoSingle
  Gallop.RaceInfo.RaceReplayCheckInfoDaily
  Gallop.RaceInfo.RaceReplayCheckInfoLegend
  Gallop.RaceInfo.RaceReplayCheckInfoChallengeMatch
  Gallop.RaceInfo.RaceReplayCheckInfo
  Gallop.RaceInfo.SimulateImportType
  Gallop.RaceInfo.SimulateExportType
  Gallop.RaceInfo.<>c
  Gallop.RaceInfo.<>c__DisplayClass317_0
  Gallop.RaceInfo.<>c__DisplayClass317_1
  Gallop.RaceInfo.<>c__DisplayClass322_0
  Gallop.RaceInfo.<>c__DisplayClass323_0
  Gallop.RaceInfo
  Gallop.RaceInitializer.LoadRaceInfo.BuildParam.<>c
  Gallop.RaceInitializer.LoadRaceInfo.BuildParam
  Gallop.RaceInitializer.LoadRaceInfo
  Gallop.RaceManagerReplayBase.TeamStadiumScoreUIReserve
  Gallop.RaceSerializedRaceResult
  Gallop.RaceUtil.<RaceResultToDailyRacePaddock>d__298
  Gallop.PartsRaceResultFriendFollowTableItem.<>c
  Gallop.PartsRaceResultFriendFollowTableItem.<>c__DisplayClass16_0
  Gallop.PartsRaceResultFriendFollowTableItem.<>c__DisplayClass17_0
  Gallop.PartsRaceResultFriendFollowTableItem.<>c__DisplayClass18_0
  Gallop.PartsRaceResultFriendFollowTableItem.<>c__DisplayClass23_0
  Gallop.PartsRaceResultFriendFollowTableItem.<>c__DisplayClass24_0
  Gallop.PartsRaceResultFriendFollowTableItem.<>c__DisplayClass25_0
  Gallop.PartsRaceResultFriendFollowTableItem
  Gallop.RaceResultFriendFollowPanel.BuildInfo
  Gallop.RaceResultFriendFollowPanel.RaceTableData
  Gallop.RaceResultFriendFollowPanel.<>c
  Gallop.RaceResultFriendFollowPanel.<>c__DisplayClass31_0
  Gallop.RaceResultFriendFollowPanel.<>c__DisplayClass40_0
  Gallop.RaceResultFriendFollowPanel.<>c__DisplayClass41_0
  Gallop.RaceResultFriendFollowPanel.<PlayEnterAsync>d__36
  Gallop.RaceResultFriendFollowPanel.<PlayEnterLarge>d__39
  Gallop.RaceResultFriendFollowPanel.<PlayEnterSmall>d__38
  Gallop.RaceResultFriendFollowPanel.<PlayExitAsync>d__41
  Gallop.RaceResultFriendFollowPanel.<PlayStartButtonEnter>d__37
  Gallop.RaceResultFriendFollowPanel
  Gallop.DialogRoomMatchOverwriteSaveList.<>c__DisplayClass16_0
  Gallop.DialogRoomMatchOverwriteSaveList.<>c__DisplayClass16_1
  Gallop.DialogRoomMatchOverwriteSaveList.<>c__DisplayClass9_0
  Gallop.DialogRoomMatchOverwriteSaveList
  Gallop.DialogRoomMatchRaceDetail.DetailType
  Gallop.DialogRoomMatchRaceDetail.<>c
  Gallop.DialogRoomMatchRaceDetail.<>c__DisplayClass30_0
  Gallop.DialogRoomMatchRaceDetail.<>c__DisplayClass35_0
  Gallop.DialogRoomMatchRaceDetail.<>c__DisplayClass35_1
  Gallop.DialogRoomMatchRaceDetail.<>c__DisplayClass36_0
  Gallop.DialogRoomMatchRaceDetail.<>c__DisplayClass36_1
  Gallop.DialogRoomMatchRaceDetail.<>c__DisplayClass37_0
  Gallop.DialogRoomMatchRaceDetail.<>c__DisplayClass37_1
  Gallop.DialogRoomMatchRaceDetail.<>c__DisplayClass38_0
  Gallop.DialogRoomMatchRaceDetail.<>c__DisplayClass38_1
  Gallop.DialogRoomMatchRaceDetail.<>c__DisplayClass39_0
  Gallop.DialogRoomMatchRaceDetail.<>c__DisplayClass39_1
  Gallop.DialogRoomMatchRaceDetail.<>c__DisplayClass47_0
  Gallop.DialogRoomMatchRaceDetail.<>c__DisplayClass48_0
  Gallop.DialogRoomMatchRaceDetail.<>c__DisplayClass49_0
  Gallop.DialogRoomMatchRaceDetail
  Gallop.DialogRoomMatchRestrictChara.<>c
  Gallop.DialogRoomMatchRestrictChara.<>c__DisplayClass10_0
  Gallop.DialogRoomMatchRestrictChara.<>c__DisplayClass15_0
  Gallop.DialogRoomMatchRestrictChara.<>c__DisplayClass17_0
  Gallop.DialogRoomMatchRestrictChara.<>c__DisplayClass18_0
  Gallop.DialogRoomMatchRestrictChara.<>c__DisplayClass18_1
  Gallop.DialogRoomMatchRestrictChara.<>c__DisplayClass9_0
  Gallop.DialogRoomMatchRestrictChara
  Gallop.DialogRoomMatchRestrictCharaSelectDress.<>c
  Gallop.DialogRoomMatchRestrictCharaSelectDress.<>c__DisplayClass8_0
  Gallop.DialogRoomMatchRestrictCharaSelectDress.<>c__DisplayClass9_0
  Gallop.DialogRoomMatchRestrictCharaSelectDress.<>c__DisplayClass9_1
  Gallop.DialogRoomMatchRestrictCharaSelectDress.<>c__DisplayClass9_2
  Gallop.DialogRoomMatchRestrictCharaSelectDress
  Gallop.DialogRoomMatchRoomIDSearch.<>c
  Gallop.DialogRoomMatchRoomIDSearch.<>c__DisplayClass4_0
  Gallop.DialogRoomMatchRoomIDSearch.<>c__DisplayClass4_1
  Gallop.DialogRoomMatchRoomIDSearch.<>c__DisplayClass5_0
  Gallop.DialogRoomMatchRoomIDSearch.<>c__DisplayClass5_1
  Gallop.DialogRoomMatchRoomIDSearch.<>c__DisplayClass5_2
  Gallop.DialogRoomMatchRoomIDSearch
  Gallop.DialogRoomMatchSaveRoomConfirm.SetupParam
  Gallop.DialogRoomMatchSaveRoomConfirm
  Gallop.PartsRoomMatchCharaMessage.ViewType
  Gallop.PartsRoomMatchCharaMessage
  Gallop.PartsRoomMatchEntryTrainedCharaListItem.SetupParameter.<>c__DisplayClass26_0
  Gallop.PartsRoomMatchEntryTrainedCharaListItem.SetupParameter.<>c__DisplayClass27_0
  Gallop.PartsRoomMatchEntryTrainedCharaListItem.SetupParameter
  Gallop.PartsRoomMatchEntryTrainedCharaListItem
  Gallop.PartsRoomMatchRestrictCharaListItem.SetupParameter.<>c
  Gallop.PartsRoomMatchRestrictCharaListItem.SetupParameter
  Gallop.PartsRoomMatchRestrictCharaListItem.<>c__DisplayClass11_0
  Gallop.PartsRoomMatchRestrictCharaListItem.<>c__DisplayClass9_0
  Gallop.PartsRoomMatchRestrictCharaListItem
  Gallop.PartsRoomMatchRoomInfoAndSetting.RoomSettingParam
  Gallop.PartsRoomMatchRoomInfoAndSetting.<>c__DisplayClass20_0
  Gallop.PartsRoomMatchRoomInfoAndSetting.<>c__DisplayClass21_0
  Gallop.PartsRoomMatchRoomInfoAndSetting.<>c__DisplayClass23_0
  Gallop.PartsRoomMatchRoomInfoAndSetting
  Gallop.DialogRoomMatchConfirmCharaEntry.<>c
  Gallop.DialogRoomMatchConfirmCharaEntry
  Gallop.RoomMatchCharacterEntryView
  Gallop.RoomMatchCharacterEntryViewInfo
  Gallop.RoomMatchCharacterEntryViewController.<>c
  Gallop.RoomMatchCharacterEntryViewController.<>c__DisplayClass12_0
  Gallop.RoomMatchCharacterEntryViewController.<>c__DisplayClass18_0
  Gallop.RoomMatchCharacterEntryViewController.<>c__DisplayClass18_1
  Gallop.RoomMatchCharacterEntryViewController.<>c__DisplayClass18_2
  Gallop.RoomMatchCharacterEntryViewController.<>c__DisplayClass19_0
  Gallop.RoomMatchCharacterEntryViewController.<>c__DisplayClass20_0
  Gallop.RoomMatchCharacterEntryViewController.<>c__DisplayClass21_0
  Gallop.RoomMatchCharacterEntryViewController.<>c__DisplayClass30_0
  Gallop.RoomMatchCharacterEntryViewController.<>c__DisplayClass31_0
  Gallop.RoomMatchCharacterEntryViewController.<>c__DisplayClass32_0
  Gallop.RoomMatchCharacterEntryViewController.<>c__DisplayClass33_0
  Gallop.RoomMatchCharacterEntryViewController.<EndView>d__15
  Gallop.RoomMatchCharacterEntryViewController.<InitializeEachPlayIn>d__12
  Gallop.RoomMatchCharacterEntryViewController.<InitializeView>d__11
  Gallop.RoomMatchCharacterEntryViewController.<PlayInView>d__13
  Gallop.RoomMatchCharacterEntryViewController.<PlayOutView>d__14
  Gallop.RoomMatchCharacterEntryViewController
  Gallop.RoomMatchCharacterSelectView
  Gallop.RoomMatchCharacterSelectViewInfo
  Gallop.RoomMatchCharacterSelectViewController.<>c
  Gallop.RoomMatchCharacterSelectViewController.<>c__DisplayClass11_0
  Gallop.RoomMatchCharacterSelectViewController.<>c__DisplayClass14_0
  Gallop.RoomMatchCharacterSelectViewController.<>c__DisplayClass14_1
  Gallop.RoomMatchCharacterSelectViewController.<>c__DisplayClass15_0
  Gallop.RoomMatchCharacterSelectViewController.<EndView>d__12
  Gallop.RoomMatchCharacterSelectViewController.<InitializeEachPlayIn>d__9
  Gallop.RoomMatchCharacterSelectViewController.<InitializeView>d__8
  Gallop.RoomMatchCharacterSelectViewController.<PlayInView>d__10
  Gallop.RoomMatchCharacterSelectViewController.<PlayOutView>d__11
  Gallop.RoomMatchCharacterSelectViewController
  Gallop.RoomMatchDeckEditView
  Gallop.RoomMatchDeckEditViewController.ViewInfo
  Gallop.RoomMatchDeckEditViewController.<>c__DisplayClass10_0
  Gallop.RoomMatchDeckEditViewController.<>c__DisplayClass13_0
  Gallop.RoomMatchDeckEditViewController.<>c__DisplayClass13_1
  Gallop.RoomMatchDeckEditViewController.<>c__DisplayClass14_0
  Gallop.RoomMatchDeckEditViewController.<>c__DisplayClass14_1
  Gallop.RoomMatchDeckEditViewController.<>c__DisplayClass15_0
  Gallop.RoomMatchDeckEditViewController.<>c__DisplayClass15_1
  Gallop.RoomMatchDeckEditViewController.<>c__DisplayClass3_0
  Gallop.RoomMatchDeckEditViewController.<>c__DisplayClass5_0
  Gallop.RoomMatchDeckEditViewController.<>c__DisplayClass9_0
  Gallop.RoomMatchDeckEditViewController.<InitializeEachPlayIn>d__3
  Gallop.RoomMatchDeckEditViewController.<InitializeView>d__2
  Gallop.RoomMatchDeckEditViewController.<PlayInView>d__4
  Gallop.RoomMatchDeckEditViewController.<PlayOutView>d__5
  Gallop.RoomMatchDeckEditViewController
  Gallop.DialogRoomMatchRoomComplete.<>c
  Gallop.DialogRoomMatchRoomComplete
  Gallop.DialogRoomMatchRoomConfirmQrCode.<>c
  Gallop.DialogRoomMatchRoomConfirmQrCode.<>c__DisplayClass10_0
  Gallop.DialogRoomMatchRoomConfirmQrCode.<>c__DisplayClass11_0
  Gallop.DialogRoomMatchRoomConfirmQrCode.<>c__DisplayClass12_0
  Gallop.DialogRoomMatchRoomConfirmQrCode.<>c__DisplayClass8_0
  Gallop.DialogRoomMatchRoomConfirmQrCode
  Gallop.PartsRoomMatchEntryTrainedCharaList.<>c
  Gallop.PartsRoomMatchEntryTrainedCharaList.<>c__DisplayClass17_0
  Gallop.PartsRoomMatchEntryTrainedCharaList
  Gallop.PartsRoomMatchGuestEntryRoomInfo.TimeType
  Gallop.PartsRoomMatchGuestEntryRoomInfo
  Gallop.PartsRoomMatchRoomSearch.<>c
  Gallop.PartsRoomMatchRoomSearch.<>c__DisplayClass5_0
  Gallop.PartsRoomMatchRoomSearch.<>c__DisplayClass6_0.<<PushSearchButton>g__OnError|2>d
  Gallop.PartsRoomMatchRoomSearch.<>c__DisplayClass6_0.<<PushSearchButton>g__OnSuccess|1>d
  Gallop.PartsRoomMatchRoomSearch.<>c__DisplayClass6_0
  Gallop.PartsRoomMatchRoomSearch.<>c__DisplayClass6_1
  Gallop.PartsRoomMatchRoomSearch.<>c__DisplayClass9_0
  Gallop.PartsRoomMatchRoomSearch
  Gallop.RoomMatchGuestEntryView
  Gallop.RoomMatchGuestEntryViewController.<>c
  Gallop.RoomMatchGuestEntryViewController.<>c__DisplayClass13_0
  Gallop.RoomMatchGuestEntryViewController.<>c__DisplayClass14_0.<<UpdateRoomList>g__OnSuccess|2>d
  Gallop.RoomMatchGuestEntryViewController.<>c__DisplayClass14_0
  Gallop.RoomMatchGuestEntryViewController.<>c__DisplayClass14_1
  Gallop.RoomMatchGuestEntryViewController.<>c__DisplayClass15_0
  Gallop.RoomMatchGuestEntryViewController.<>c__DisplayClass16_0
  Gallop.RoomMatchGuestEntryViewController.<>c__DisplayClass22_0
  Gallop.RoomMatchGuestEntryViewController.<>c__DisplayClass24_0
  Gallop.RoomMatchGuestEntryViewController.<>c__DisplayClass25_0
  Gallop.RoomMatchGuestEntryViewController.<>c__DisplayClass26_0
  Gallop.RoomMatchGuestEntryViewController.<>c__DisplayClass6_0
  Gallop.RoomMatchGuestEntryViewController.<EndView>d__9
  Gallop.RoomMatchGuestEntryViewController.<InitializeEachPlayIn>d__6
  Gallop.RoomMatchGuestEntryViewController.<InitializeView>d__5
  Gallop.RoomMatchGuestEntryViewController.<PlayInView>d__7
  Gallop.RoomMatchGuestEntryViewController.<PlayOutView>d__8
  Gallop.RoomMatchGuestEntryViewController
  Gallop.DialogRoomMatchHostEntryModeSelect.<>c__DisplayClass3_0
  Gallop.DialogRoomMatchHostEntryModeSelect.<>c__DisplayClass4_0
  Gallop.DialogRoomMatchHostEntryModeSelect.<>c__DisplayClass4_1
  Gallop.DialogRoomMatchHostEntryModeSelect
  Gallop.DialogRoomMatchHostEntryRoomSetting.<>c
  Gallop.DialogRoomMatchHostEntryRoomSetting.<>c__DisplayClass8_0
  Gallop.DialogRoomMatchHostEntryRoomSetting
  Gallop.PartsRoomMatchHostEntryRoomInfoAndSetting
  Gallop.RoomMatchHostEntrySettingInfo.Mode
  Gallop.RoomMatchHostEntrySettingInfo
  Gallop.RoomMatchHostEntryView
  Gallop.RoomMatchHostEntryViewController.ViewInfo
  Gallop.RoomMatchHostEntryViewController.<EndView>d__5
  Gallop.RoomMatchHostEntryViewController.<FinalizeView>d__6
  Gallop.RoomMatchHostEntryViewController.<InitializeEachPlayIn>d__3
  Gallop.RoomMatchHostEntryViewController.<InitializeView>d__2
  Gallop.RoomMatchHostEntryViewController
  Gallop.RoomMatchHubView
  Gallop.RoomMatchHubViewController.ShoeLoadTiming
  Gallop.RoomMatchHubViewController.RoomMatchHubViewInfo
  Gallop.RoomMatchHubViewController.<>c__DisplayClass10_0
  Gallop.RoomMatchHubViewController.<>c__DisplayClass9_0
  Gallop.RoomMatchHubViewController.<FinalizeView>d__11
  Gallop.RoomMatchHubViewController.<InitializeEachPlayIn>d__8
  Gallop.RoomMatchHubViewController.<PlayInView>d__9
  Gallop.RoomMatchHubViewController.<PlayOutView>d__10
  Gallop.RoomMatchHubViewController
  Gallop.DialogRoomMatchLobbyShare.<>c
  Gallop.DialogRoomMatchLobbyShare.<>c__DisplayClass10_0
  Gallop.DialogRoomMatchLobbyShare.<>c__DisplayClass11_0
  Gallop.DialogRoomMatchLobbyShare
  Gallop.RoomMatchLobby3D.Context
  Gallop.RoomMatchLobby3D
  Gallop.RoomMatchLobbyMiniCharaData
  Gallop.RoomMatchLobbyView
  Gallop.RoomMatchLobbyViewInfo
  Gallop.RoomMatchLobbyViewController.<>c
  Gallop.RoomMatchLobbyViewController.<>c__DisplayClass26_0
  Gallop.RoomMatchLobbyViewController.<>c__DisplayClass40_0
  Gallop.RoomMatchLobbyViewController.<>c__DisplayClass44_0
  Gallop.RoomMatchLobbyViewController.<>c__DisplayClass48_0
  Gallop.RoomMatchLobbyViewController.<>c__DisplayClass48_1
  Gallop.RoomMatchLobbyViewController.<>c__DisplayClass51_0
  Gallop.RoomMatchLobbyViewController.<EndView>d__22
  Gallop.RoomMatchLobbyViewController.<FinalizeView>d__23
  Gallop.RoomMatchLobbyViewController.<InitializeEachPlayIn>d__17
  Gallop.RoomMatchLobbyViewController.<InitializeView>d__16
  Gallop.RoomMatchLobbyViewController.<LoadLobbyEnterRequest>d__44
  Gallop.RoomMatchLobbyViewController.<PlayInView>d__18
  Gallop.RoomMatchLobbyViewController.<PlayOutView>d__19
  Gallop.RoomMatchLobbyViewController.<RegisterDownlodFromServerData>d__51
  Gallop.RoomMatchLobbyViewController
  Gallop.RoomMatchSnsShareContents
  Gallop.RoomMatchPaddockView
  Gallop.RoomMatchPaddockViewController.<>c
  Gallop.RoomMatchPaddockViewController.<InitializeView>d__1
  Gallop.RoomMatchPaddockViewController.<PlayInView>d__2
  Gallop.RoomMatchPaddockViewController
  Gallop.RoomMatchPaddockViewInfo
  Gallop.PartsRoomMatchRaceResultBackground.<>c__DisplayClass40_0
  Gallop.PartsRoomMatchRaceResultBackground
  Gallop.RoomMatchRaceResultView
  Gallop.RoomMatchRaceResultViewInfo
  Gallop.RoomMatchRaceResultViewController.<>c
  Gallop.RoomMatchRaceResultViewController.<>c__DisplayClass10_0
  Gallop.RoomMatchRaceResultViewController.<>c__DisplayClass16_0
  Gallop.RoomMatchRaceResultViewController.<>c__DisplayClass17_0
  Gallop.RoomMatchRaceResultViewController.<>c__DisplayClass18_0
  Gallop.RoomMatchRaceResultViewController.<>c__DisplayClass19_0
  Gallop.RoomMatchRaceResultViewController.<>c__DisplayClass19_1
  Gallop.RoomMatchRaceResultViewController.<>c__DisplayClass20_0
  Gallop.RoomMatchRaceResultViewController.<>c__DisplayClass8_0
  Gallop.RoomMatchRaceResultViewController.<InitializeView>d__8
  Gallop.RoomMatchRaceResultViewController.<PlayInView>d__9
  Gallop.RoomMatchRaceResultViewController
  Gallop.DialogRoomMatchRegistSaveList.TabType
  Gallop.DialogRoomMatchRegistSaveList.<>c
  Gallop.DialogRoomMatchRegistSaveList.<>c__DisplayClass22_0
  Gallop.DialogRoomMatchRegistSaveList.<>c__DisplayClass29_0
  Gallop.DialogRoomMatchRegistSaveList.<>c__DisplayClass30_0
  Gallop.DialogRoomMatchRegistSaveList.<>c__DisplayClass33_0
  Gallop.DialogRoomMatchRegistSaveList.<>c__DisplayClass34_0
  Gallop.DialogRoomMatchRegistSaveList.<>c__DisplayClass36_0
  Gallop.DialogRoomMatchRegistSaveList
  Gallop.PartsRoomMatchRegistSaveList.<>c
  Gallop.PartsRoomMatchRegistSaveList
  Gallop.RoomMatchScene
  Gallop.RoomMatchSceneController
  Gallop.RoomMatchTop.<>c
  Gallop.RoomMatchTop.<>c__DisplayClass19_0
  Gallop.RoomMatchTop.<>c__DisplayClass28_0
  Gallop.RoomMatchTop.<>c__DisplayClass29_0
  Gallop.RoomMatchTop
  Gallop.RoomMatchTopView
  Gallop.RoomMatchTopViewInfo.DialogOpenType
  Gallop.RoomMatchTopViewInfo
  Gallop.RoomMatchTopViewController.<>c__DisplayClass11_0
  Gallop.RoomMatchTopViewController.<>c__DisplayClass2_0
  Gallop.RoomMatchTopViewController.<>c__DisplayClass3_0
  Gallop.RoomMatchTopViewController.<>c__DisplayClass5_0
  Gallop.RoomMatchTopViewController.<EndView>d__6
  Gallop.RoomMatchTopViewController.<InitializeEachPlayIn>d__2
  Gallop.RoomMatchTopViewController.<InitializeView>d__1
  Gallop.RoomMatchTopViewController.<PlayInView>d__3
  Gallop.RoomMatchTopViewController.<PlayOutView>d__5
  Gallop.RoomMatchTopViewController
  Gallop.RoomMatchUtil.<>c
  Gallop.RoomMatchUtil.<>c__DisplayClass11_0
  Gallop.RoomMatchUtil.<>c__DisplayClass12_0
  Gallop.RoomMatchUtil.<>c__DisplayClass1_0
  Gallop.RoomMatchUtil.<>c__DisplayClass22_0
  Gallop.RoomMatchUtil.<>c__DisplayClass23_0
  Gallop.RoomMatchUtil.<>c__DisplayClass23_1
  Gallop.RoomMatchUtil.<>c__DisplayClass24_0
  Gallop.RoomMatchUtil.<>c__DisplayClass2_0
  Gallop.RoomMatchUtil.<>c__DisplayClass4_0
  Gallop.RoomMatchUtil.<>c__DisplayClass7_0
  Gallop.RoomMatchUtil.<>c__DisplayClass8_0
  Gallop.RoomMatchUtil.<>c__DisplayClass9_0
  Gallop.RoomMatchUtil
  Gallop.DialogIdleSingleModeRaceResult
  Gallop.PartsIdleSingleModeResultLogRaceResult.<>c
  Gallop.PartsIdleSingleModeResultLogRaceResult.<>c__DisplayClass10_0
  Gallop.PartsIdleSingleModeResultLogRaceResult.<>c__DisplayClass8_0
  Gallop.PartsIdleSingleModeResultLogRaceResult
  Gallop.DialogSingleModeRouteTscContinue.RaceResult
  Gallop.PartsSingleModeScenarioFreeExtraRaceRankingItem.RaceResult
  Gallop.PartsRaceResultScenarioFreeModel
  Gallop.PartsRaceResultScenarioFree.<>c__DisplayClass12_0
  Gallop.PartsRaceResultScenarioFree.<>c__DisplayClass12_1
  Gallop.PartsRaceResultScenarioFree.<>c__DisplayClass12_2
  Gallop.PartsRaceResultScenarioFree.<>c__DisplayClass12_3
  Gallop.PartsRaceResultScenarioFree.<>c__DisplayClass12_4
  Gallop.PartsRaceResultScenarioFree
  Gallop.PartsSingleModeScenarioFreeShopUseItemConfirmRaceParameterUpModel.<>c
  Gallop.PartsSingleModeScenarioFreeShopUseItemConfirmRaceParameterUpModel
  Gallop.PartsSingleModeScenarioFreeShopUseItemConfirmRaceParameterUp
  Gallop.SingleModeScenarioFreeDefine.SingleModeScenarioFreeShopEffectRaceParameterUpType
  Gallop.DialogSingleModeScenarioTeamRaceRaceInfo
  Gallop.DialogSingleModeScenarioTeamRaceResultList.<>c
  Gallop.DialogSingleModeScenarioTeamRaceResultList
  Gallop.PartsSingleModeScenarioTeamRaceInfoHeader.<>c__DisplayClass42_0
  Gallop.PartsSingleModeScenarioTeamRaceInfoHeader
  Gallop.SingleModeScenarioTeamRaceDefine.AoharuRaceResultState
  Gallop.DialogSingleModeScenarioTeamRaceAllRaceResult.<>c__DisplayClass26_0
  Gallop.DialogSingleModeScenarioTeamRaceAllRaceResult.<>c__DisplayClass29_0
  Gallop.DialogSingleModeScenarioTeamRaceAllRaceResult.<>c__DisplayClass36_0
  Gallop.DialogSingleModeScenarioTeamRaceAllRaceResult.<PlayCloseAnimation>d__36
  Gallop.DialogSingleModeScenarioTeamRaceAllRaceResult.<ShowItems>d__35
  Gallop.DialogSingleModeScenarioTeamRaceAllRaceResult
  Gallop.PartsSingleModeTeamRaceSkipRaceResultItem.<>c
  Gallop.PartsSingleModeTeamRaceSkipRaceResultItem
  Gallop.DialogTeamStadiumClassFluctuation.<>c
  Gallop.DialogTeamStadiumClassFluctuation.<>c__DisplayClass26_0
  Gallop.DialogTeamStadiumClassFluctuation.<>c__DisplayClass28_0
  Gallop.DialogTeamStadiumClassFluctuation
  Gallop.PartsTeamStadiumClass
  Gallop.PartsTeamStadiumNamePlate
  Gallop.TeamStadium3DController.<>c__DisplayClass46_0
  Gallop.TeamStadium3DController.<>c__DisplayClass63_0
  Gallop.TeamStadium3DController.<>c__DisplayClass77_0
  Gallop.TeamStadium3DController.<LoadModelOnPlayResultCutIn>d__47
  Gallop.TeamStadium3DController.<PlayResultCutinCoroutine>d__46
  Gallop.TeamStadium3DController.<PlaySkillCutinCoroutine>d__63
  Gallop.TeamStadium3DController.<SkipResult>d__54
  Gallop.TeamStadium3DController
  Gallop.TeamStadiumDeckHubView
  Gallop.TeamStadiumDeckHubViewController.<FinalizeView>d__2
  Gallop.TeamStadiumDeckHubViewController
  Gallop.TeamStadiumDeckInfo.MemberInfo
  Gallop.TeamStadiumDeckInfo.<>c
  Gallop.TeamStadiumDeckInfo.<>c__DisplayClass11_0
  Gallop.TeamStadiumDeckInfo.<>c__DisplayClass12_0
  Gallop.TeamStadiumDeckInfo.<>c__DisplayClass13_0
  Gallop.TeamStadiumDeckInfo.<>c__DisplayClass5_0
  Gallop.TeamStadiumDeckInfo
  Gallop.TeamStadiumDefine.TeamRank
  Gallop.TeamStadiumDefine.TeamRankGroup
  Gallop.TeamStadiumDefine.ProperType
  Gallop.TeamStadiumDefine.TeamStadiumRanking
  Gallop.TeamStadiumDefine.RoundResultType
  Gallop.TeamStadiumDefine.PromotionType
  Gallop.TeamStadiumDefine.RaceStatusType
  Gallop.TeamStadiumDefine.TermStatusType
  Gallop.TeamStadiumDefine.ClassChangeType
  Gallop.TeamStadiumDefine.ClassType
  Gallop.TeamStadiumDefine.RewardBoxColorType
  Gallop.TeamStadiumDefine.WinningRewardBoxType
  Gallop.TeamStadiumDefine.WinningRewardGuaranteeStatus
  Gallop.TeamStadiumDefine.TeamStadiumBgmSceneType
  Gallop.TeamStadiumDefine
  Gallop.TeamStadiumEnumConverter
  Gallop.TeamStadiumErrorHandler.<>c
  Gallop.TeamStadiumErrorHandler
  Gallop.TeamStadiumInfo
  Gallop.TeamStadiumModelManager.TeamModelData
  Gallop.TeamStadiumModelManager.TeamCameraData
  Gallop.TeamStadiumModelManager.TeamModelBuildData
  Gallop.TeamStadiumModelManager.CommonModelData
  Gallop.TeamStadiumModelManager.<>c__DisplayClass34_0
  Gallop.TeamStadiumModelManager.<>c__DisplayClass37_0
  Gallop.TeamStadiumModelManager.<CreateCharacterCoroutine>d__37
  Gallop.TeamStadiumModelManager
  Gallop.TeamStadiumRaceHubView
  Gallop.TeamStadiumRaceHubViewController.<FinalizeView>d__2
  Gallop.TeamStadiumRaceHubViewController
  Gallop.TeamStadiumStatus.Status
  Gallop.TeamStadiumStatus
  Gallop.TeamStadiumTrainedCharaDataAccessor.<>c__DisplayClass3_0
  Gallop.TeamStadiumTrainedCharaDataAccessor
  Gallop.TeamStadiumUtil.<>c
  Gallop.TeamStadiumUtil.<>c__DisplayClass10_0
  Gallop.TeamStadiumUtil.<>c__DisplayClass13_0
  Gallop.TeamStadiumUtil.<>c__DisplayClass32_0
  Gallop.TeamStadiumUtil.<>c__DisplayClass34_0
  Gallop.TeamStadiumUtil.<>c__DisplayClass38_0
  Gallop.TeamStadiumUtil.<>c__DisplayClass39_0
  Gallop.TeamStadiumUtil.<>c__DisplayClass9_0
  Gallop.TeamStadiumUtil
  Gallop.DialogTeamStadiumHistoryScoreDetail.InitDesc.TeamScoreParam
  Gallop.DialogTeamStadiumHistoryScoreDetail.InitDesc.<>c__DisplayClass1_0
  Gallop.DialogTeamStadiumHistoryScoreDetail.InitDesc
  Gallop.DialogTeamStadiumHistoryScoreDetail
  Gallop.DialogTeamStadiumItemList.<>c
  Gallop.DialogTeamStadiumItemList.<>c__DisplayClass15_0
  Gallop.DialogTeamStadiumItemList.<>c__DisplayClass16_0
  Gallop.DialogTeamStadiumItemList
  Gallop.DialogTeamStadiumItemListContainer.<>c__DisplayClass4_0
  Gallop.DialogTeamStadiumItemListContainer
  Gallop.DialogTeamStadiumItemListIcon.<>c__DisplayClass21_0
  Gallop.DialogTeamStadiumItemListIcon
  Gallop.DialogTeamStadiumRaceHistoryList.<>c
  Gallop.DialogTeamStadiumRaceHistoryList.<>c__DisplayClass10_0
  Gallop.DialogTeamStadiumRaceHistoryList
  Gallop.DialogTeamStadiumRankingInfoTeamItem.<>c__DisplayClass7_0
  Gallop.DialogTeamStadiumRankingInfoTeamItem.<>c__DisplayClass8_0
  Gallop.DialogTeamStadiumRankingInfoTeamItem.<>c__DisplayClass9_0
  Gallop.DialogTeamStadiumRankingInfoTeamItem
  Gallop.DialogTeamStadiumRankingInfoTeamList.<>c
  Gallop.DialogTeamStadiumRankingInfoTeamList.<>c__DisplayClass12_0
  Gallop.DialogTeamStadiumRankingInfoTeamList.<>c__DisplayClass13_0
  Gallop.DialogTeamStadiumRankingInfoTeamList.<>c__DisplayClass13_1
  Gallop.DialogTeamStadiumRankingInfoTeamList
  Gallop.DialogTeamStadiumRankingInfoTeamListItem.<>c__DisplayClass2_0
  Gallop.DialogTeamStadiumRankingInfoTeamListItem.<>c__DisplayClass3_0
  Gallop.DialogTeamStadiumRankingInfoTeamListItem.<>c__DisplayClass3_1
  Gallop.DialogTeamStadiumRankingInfoTeamListItem.<>c__DisplayClass4_0
  Gallop.DialogTeamStadiumRankingInfoTeamListItem
  Gallop.DialogTeamStadiumRankingList.<>c
  Gallop.DialogTeamStadiumRankingList.<>c__DisplayClass13_0
  Gallop.DialogTeamStadiumRankingList.<>c__DisplayClass14_0
  Gallop.DialogTeamStadiumRankingList.<>c__DisplayClass14_1
  Gallop.DialogTeamStadiumRankingList.<>c__DisplayClass15_0
  Gallop.DialogTeamStadiumRankingList.<>c__DisplayClass15_1
  Gallop.DialogTeamStadiumRankingList.<>c__DisplayClass15_2
  Gallop.DialogTeamStadiumRankingList.<>c__DisplayClass15_3
  Gallop.DialogTeamStadiumRankingList.<>c__DisplayClass16_0
  Gallop.DialogTeamStadiumRankingList.<>c__DisplayClass17_0
  Gallop.DialogTeamStadiumRankingList.<>c__DisplayClass20_0
  Gallop.DialogTeamStadiumRankingList.<>c__DisplayClass21_0
  Gallop.DialogTeamStadiumRankingList.<>c__DisplayClass22_0
  Gallop.DialogTeamStadiumRankingList.<>c__DisplayClass23_0
  Gallop.DialogTeamStadiumRankingList
  Gallop.DialogTeamStadiumRankingListItem.<>c__DisplayClass8_0
  Gallop.DialogTeamStadiumRankingListItem
  Gallop.DialogTeamStadiumRewardItemList.TeamStadiumClassRewardType
  Gallop.DialogTeamStadiumRewardItemList.<>c
  Gallop.DialogTeamStadiumRewardItemList
  Gallop.DialogTeamStadiumScoreDetail.InitDesc.TeamScoreParam
  Gallop.DialogTeamStadiumScoreDetail.InitDesc.HorseScore.<>c
  Gallop.DialogTeamStadiumScoreDetail.InitDesc.HorseScore
  Gallop.DialogTeamStadiumScoreDetail.InitDesc.<>c__DisplayClass2_0
  Gallop.DialogTeamStadiumScoreDetail.InitDesc.<>c__DisplayClass9_0
  Gallop.DialogTeamStadiumScoreDetail.InitDesc.<>c__DisplayClass9_1
  Gallop.DialogTeamStadiumScoreDetail.InitDesc
  Gallop.DialogTeamStadiumScoreDetail
  Gallop.DialogTeamStadiumScoreResult.InitDesc.TeamScoreParam
  Gallop.DialogTeamStadiumScoreResult.InitDesc
  Gallop.DialogTeamStadiumScoreResult.<>c__DisplayClass12_0
  Gallop.DialogTeamStadiumScoreResult
  Gallop.PartsTeamStadiumCharaScoreDetail.<>c
  Gallop.PartsTeamStadiumCharaScoreDetail.<>c__DisplayClass8_0
  Gallop.PartsTeamStadiumCharaScoreDetail
  Gallop.PartsTeamStadiumClassLogo
  Gallop.PartsTeamStadiumDiffRp.<>c__DisplayClass6_0
  Gallop.PartsTeamStadiumDiffRp.<>c__DisplayClass8_0
  Gallop.PartsTeamStadiumDiffRp
  Gallop.PartsTeamStadiumHistoryCharaScoreDetail
  Gallop.PartsTeamStadiumHistoryScoreDetailLongTapInfoPop
  Gallop.PartsTeamStadiumHistoryScoreDetailPlate.BreakDownItem
  Gallop.PartsTeamStadiumHistoryScoreDetailPlate.<>c
  Gallop.PartsTeamStadiumHistoryScoreDetailPlate
  Gallop.PartsTeamStadiumHistoryTeamScoreDetail
  Gallop.PartsTeamStadiumRaceHistoryListItem
  Gallop.PartsTeamStadiumScoreBreakDownPlate
  Gallop.PartsTeamStadiumScoreDetailLongTapInfoPop
  Gallop.PartsTeamStadiumScoreDetailPlate.BreakDownItem
  Gallop.PartsTeamStadiumScoreDetailPlate.<>c
  Gallop.PartsTeamStadiumScoreDetailPlate
  Gallop.PartsTeamStadiumScoreImages.InitDesc
  Gallop.PartsTeamStadiumScoreImages
  Gallop.PartsTeamStadiumTeamScoreDetail
  Gallop.TeamStadiumAllRaceEndInfo
  Gallop.TeamStadiumFriendRankingInfo
  Gallop.TeamStadiumRankingUserDetailsInfo.<>c__DisplayClass7_0
  Gallop.TeamStadiumRankingUserDetailsInfo
  Gallop.TeamStadiumResultCutinUI
  Gallop.TeamStadiumRewardItemListGrid.<>c__DisplayClass7_0
  Gallop.TeamStadiumRewardItemListGrid.<>c__DisplayClass7_1
  Gallop.TeamStadiumRewardItemListGrid
  Gallop.TeamStadiumRewardItemListGridItem
  Gallop.TeamStadiumSupportCardBonusInfo.SupportCardBonus
  Gallop.TeamStadiumSupportCardBonusInfo.<>c
  Gallop.TeamStadiumSupportCardBonusInfo
  Gallop.TeamStadiumTeamClassRankingInfo
  Gallop.TeamStadiumCharacterSelectView
  Gallop.TeamStadiumCharacterSelectViewInfo
  Gallop.TeamStadiumCharacterSelectViewController.<>c
  Gallop.TeamStadiumCharacterSelectViewController.<>c__DisplayClass11_0
  Gallop.TeamStadiumCharacterSelectViewController.<>c__DisplayClass12_0
  Gallop.TeamStadiumCharacterSelectViewController.<PlayInView>d__11
  Gallop.TeamStadiumCharacterSelectViewController
  Gallop.PartsTeamStadiumMemberList.<>c
  Gallop.PartsTeamStadiumMemberList.<>c__DisplayClass4_0
  Gallop.PartsTeamStadiumMemberList
  Gallop.PartsTeamStadiumMemberListContainer.<>c__DisplayClass11_0
  Gallop.PartsTeamStadiumMemberListContainer
  Gallop.PartsTeamStadiumMemberListItem.<>c__DisplayClass14_0
  Gallop.PartsTeamStadiumMemberListItem
  Gallop.TeamStadiumDecideView
  Gallop.TeamStadiumDecideViewController.<>c__DisplayClass54_0
  Gallop.TeamStadiumDecideViewController.<MotionWaitCoroutine>d__21
  Gallop.TeamStadiumDecideViewController.<PlayInView>d__13
  Gallop.TeamStadiumDecideViewController
  Gallop.TeamStadiumDecideViewInfo
  Gallop.DialogTeamStadiumConfirmReleaseChara.<>c
  Gallop.DialogTeamStadiumConfirmReleaseChara.<>c__DisplayClass6_0
  Gallop.DialogTeamStadiumConfirmReleaseChara.<>c__DisplayClass7_0
  Gallop.DialogTeamStadiumConfirmReleaseChara
  Gallop.DialogTeamStadiumDeckEditConfirm.<>c
  Gallop.DialogTeamStadiumDeckEditConfirm
  Gallop.PartsTeamStadiumDeckEntryItem.<>c
  Gallop.PartsTeamStadiumDeckEntryItem.<>c__DisplayClass25_0
  Gallop.PartsTeamStadiumDeckEntryItem.<>c__DisplayClass27_0
  Gallop.PartsTeamStadiumDeckEntryItem
  Gallop.PartsTeamStadiumDeckEntryListItem
  Gallop.TeamStadiumDeckBuilder.<>c
  Gallop.TeamStadiumDeckBuilder.<>c__DisplayClass14_0
  Gallop.TeamStadiumDeckBuilder.<>c__DisplayClass15_0
  Gallop.TeamStadiumDeckBuilder.<>c__DisplayClass16_0
  Gallop.TeamStadiumDeckBuilder.<>c__DisplayClass23_0
  Gallop.TeamStadiumDeckBuilder
  Gallop.TeamStadiumDeckView
  Gallop.TeamStadiumDeckViewController.ModelParam
  Gallop.TeamStadiumDeckViewController.<>c
  Gallop.TeamStadiumDeckViewController.<>c__DisplayClass23_0
  Gallop.TeamStadiumDeckViewController.<>c__DisplayClass39_0
  Gallop.TeamStadiumDeckViewController.<>c__DisplayClass41_0
  Gallop.TeamStadiumDeckViewController.<>c__DisplayClass42_0
  Gallop.TeamStadiumDeckViewController.<InitializeEachPlayIn>d__22
  Gallop.TeamStadiumDeckViewController.<InitializeView>d__21
  Gallop.TeamStadiumDeckViewController.<PlayInView>d__23
  Gallop.TeamStadiumDeckViewController
  Gallop.DialogTeamStadiumAllRaceResultList.<>c__DisplayClass8_0
  Gallop.DialogTeamStadiumAllRaceResultList.<>c__DisplayClass9_0
  Gallop.DialogTeamStadiumAllRaceResultList.<>c__DisplayClass9_1
  Gallop.DialogTeamStadiumAllRaceResultList
  Gallop.DialogTeamStadiumHistoryAllRaceResultList.<>c__DisplayClass7_0
  Gallop.DialogTeamStadiumHistoryAllRaceResultList.<>c__DisplayClass7_1
  Gallop.DialogTeamStadiumHistoryAllRaceResultList
  Gallop.PartsTeamStadiumAllRaceResultListItem
  Gallop.PartsTeamStadiumHistoryAllRaceResultListItem.<>c__DisplayClass16_0
  Gallop.PartsTeamStadiumHistoryAllRaceResultListItem
  Gallop.TeamStadiumGrandResultView
  Gallop.TeamStadiumGrandResultViewController.GrandResultState
  Gallop.TeamStadiumGrandResultViewController.<>c
  Gallop.TeamStadiumGrandResultViewController.<>c__DisplayClass79_0
  Gallop.TeamStadiumGrandResultViewController.<>c__DisplayClass80_0
  Gallop.TeamStadiumGrandResultViewController.<>c__DisplayClass85_0
  Gallop.TeamStadiumGrandResultViewController.<FadeIn>d__57
  Gallop.TeamStadiumGrandResultViewController.<InitializeView>d__46
  Gallop.TeamStadiumGrandResultViewController.<PlayInView>d__47
  Gallop.TeamStadiumGrandResultViewController.<ShowGainCirclePoint>d__79
  Gallop.TeamStadiumGrandResultViewController
  Gallop.PartsTeamStadiumOpponent.<>c
  Gallop.PartsTeamStadiumOpponent.<>c__DisplayClass20_0
  Gallop.PartsTeamStadiumOpponent.<>c__DisplayClass27_0
  Gallop.PartsTeamStadiumOpponent
  Gallop.TeamStadiumOpponentSelectView
  Gallop.TeamStadiumOpponentSelectViewInfo
  Gallop.TeamStadiumOpponentSelectViewController.<>c
  Gallop.TeamStadiumOpponentSelectViewController.<>c__DisplayClass10_0
  Gallop.TeamStadiumOpponentSelectViewController.<>c__DisplayClass20_0
  Gallop.TeamStadiumOpponentSelectViewController.<>c__DisplayClass9_0
  Gallop.TeamStadiumOpponentSelectViewController.<InitializeView>d__8
  Gallop.TeamStadiumOpponentSelectViewController.<PlayIn>d__17
  Gallop.TeamStadiumOpponentSelectViewController.<PlayInView>d__9
  Gallop.TeamStadiumOpponentSelectViewController.<Setup>d__11
  Gallop.TeamStadiumOpponentSelectViewController
  Gallop.DialogTeamStadiumRaceInfo
  Gallop.TeamStadiumPaddockView
  Gallop.TeamStadiumPaddockViewController.<>c
  Gallop.TeamStadiumPaddockViewController.<InitializeView>d__2
  Gallop.TeamStadiumPaddockViewController
  Gallop.TeamStadiumPaddockViewInfo
  Gallop.TeamStadiumRaceHistoryUtil.History
  Gallop.TeamStadiumRaceHistoryUtil.Race
  Gallop.TeamStadiumRaceHistoryUtil.MemberInfo
  Gallop.TeamStadiumRaceHistoryUtil.CharaResult
  Gallop.TeamStadiumRaceHistoryUtil.HorseData
  Gallop.TeamStadiumRaceHistoryUtil.HistoryScoreInitDesc
  Gallop.TeamStadiumRaceHistoryUtil.TeamStadiumResultScoreData
  Gallop.TeamStadiumRaceHistoryUtil.TeamStadiumResultBonusData
  Gallop.TeamStadiumRaceHistoryUtil.HorseScore
  Gallop.TeamStadiumRaceHistoryUtil.HistoryWrapper
  Gallop.TeamStadiumRaceHistoryUtil.<>c
  Gallop.TeamStadiumRaceHistoryUtil.<>c__DisplayClass11_0
  Gallop.TeamStadiumRaceHistoryUtil.<>c__DisplayClass11_1
  Gallop.TeamStadiumRaceHistoryUtil.<>c__DisplayClass11_2
  Gallop.TeamStadiumRaceHistoryUtil.<>c__DisplayClass12_0
  Gallop.TeamStadiumRaceHistoryUtil
  Gallop.DialogTeamStadiumAllRaceResult.<>c__DisplayClass27_0
  Gallop.DialogTeamStadiumAllRaceResult.<>c__DisplayClass36_0
  Gallop.DialogTeamStadiumAllRaceResult.<PlayCloseAnimation>d__36
  Gallop.DialogTeamStadiumAllRaceResult.<ShowItems>d__35
  Gallop.DialogTeamStadiumAllRaceResult
  Gallop.DialogTeamStadiumCharaScoreResultList.InitDesc.RaceCharaResult
  Gallop.DialogTeamStadiumCharaScoreResultList.InitDesc
  Gallop.DialogTeamStadiumCharaScoreResultList.<>c
  Gallop.DialogTeamStadiumCharaScoreResultList.<>c__DisplayClass6_0
  Gallop.DialogTeamStadiumCharaScoreResultList
  Gallop.DialogTeamStadiumDropItem.<>c
  Gallop.DialogTeamStadiumDropItem.<>c__DisplayClass38_0
  Gallop.DialogTeamStadiumDropItem.<>c__DisplayClass42_0
  Gallop.DialogTeamStadiumDropItem.<>c__DisplayClass43_0
  Gallop.DialogTeamStadiumDropItem.<>c__DisplayClass44_0
  Gallop.DialogTeamStadiumDropItem.<>c__DisplayClass44_1
  Gallop.DialogTeamStadiumDropItem.<>c__DisplayClass44_2
  Gallop.DialogTeamStadiumDropItem.<PlayFlash>d__44
  Gallop.DialogTeamStadiumDropItem
  Gallop.DialogTeamStadiumHistoryCharaScoreResultList.<>c__DisplayClass4_0
  Gallop.DialogTeamStadiumHistoryCharaScoreResultList
  Gallop.DialogTeamStadiumHistoryRaceResultList.<>c
  Gallop.DialogTeamStadiumHistoryRaceResultList
  Gallop.DialogTeamStadiumRaceResultHighScore.<>c
  Gallop.DialogTeamStadiumRaceResultHighScore
  Gallop.DialogTeamStadiumRaceResultList.<>c
  Gallop.DialogTeamStadiumRaceResultList.<>c__DisplayClass11_0
  Gallop.DialogTeamStadiumRaceResultList.<>c__DisplayClass13_0
  Gallop.DialogTeamStadiumRaceResultList.<>c__DisplayClass14_0
  Gallop.DialogTeamStadiumRaceResultList
  Gallop.PartsTeamStadiumAllRaceListItem.<>c
  Gallop.PartsTeamStadiumAllRaceListItem.<>c__DisplayClass41_0
  Gallop.PartsTeamStadiumAllRaceListItem
  Gallop.PartsTeamStadiumAllRaceListItemCharaIcon
  Gallop.PartsTeamStadiumCharaScoreResultPlate.InitDesc
  Gallop.PartsTeamStadiumCharaScoreResultPlate.<>c
  Gallop.PartsTeamStadiumCharaScoreResultPlate.<>c__DisplayClass19_0
  Gallop.PartsTeamStadiumCharaScoreResultPlate
  Gallop.PartsTeamStadiumHistoryCharaScoreResultPlate
  Gallop.PartsTeamStadiumLoveRankCharaIcon.<>c
  Gallop.PartsTeamStadiumLoveRankCharaIcon.<>c__DisplayClass38_0
  Gallop.PartsTeamStadiumLoveRankCharaIcon
  Gallop.PartsTeamStadiumLoveRankCharaIconContainer
  Gallop.PartsTeamStadiumRaceList
  Gallop.PartsTeamStadiumRaceListItem.<>c
  Gallop.PartsTeamStadiumRaceListItem
  Gallop.PartsTeamStadiumRaceListItemCharaIcon
  Gallop.PartsTeamStadiumStoryListItem
  Gallop.PartsTeamStadiumUseItem
  Gallop.TeamStadiumRaceListView
  Gallop.TeamStadiumRaceListViewController.<>c
  Gallop.TeamStadiumRaceListViewController.<>c__DisplayClass151_0
  Gallop.TeamStadiumRaceListViewController.<>c__DisplayClass161_0
  Gallop.TeamStadiumRaceListViewController.<>c__DisplayClass161_1
  Gallop.TeamStadiumRaceListViewController.<>c__DisplayClass75_0
  Gallop.TeamStadiumRaceListViewController.<>c__DisplayClass75_1
  Gallop.TeamStadiumRaceListViewController.<>c__DisplayClass75_2
  Gallop.TeamStadiumRaceListViewController.<>c__DisplayClass77_0
  Gallop.TeamStadiumRaceListViewController.<>c__DisplayClass81_0
  Gallop.TeamStadiumRaceListViewController.<>c__DisplayClass94_0
  Gallop.TeamStadiumRaceListViewController.<>c__DisplayClass96_0
  Gallop.TeamStadiumRaceListViewController.<OnClickPlayAllRace>d__94
  Gallop.TeamStadiumRaceListViewController
  Gallop.TeamStadiumScene
  Gallop.TeamStadiumSceneController
  Gallop.TeamStadiumView
  Gallop.TeamStadiumViewInfo
  Gallop.TeamStadiumViewController.<>c
  Gallop.TeamStadiumViewController.<>c__DisplayClass13_0
  Gallop.TeamStadiumViewController.<>c__DisplayClass7_0
  Gallop.TeamStadiumViewController.<InitializeView>d__7
  Gallop.TeamStadiumViewController.<PlayInView>d__10
  Gallop.TeamStadiumViewController
  Gallop.AtlasSpritePath.RoomMatch
  Gallop.AtlasSpritePath.TeamStadium
  Gallop.StaticVariableDefine.DailyRace.DialogDailyRaceSkipMultiRaceResult
  Gallop.StaticVariableDefine.Heroes.PartsHeroesStage1RaceResult
  Gallop.StaticVariableDefine.Race.RaceResultBoardCamera
  Gallop.StaticVariableDefine.Race.HorseRaceInfo
  Gallop.StaticVariableDefine.Race.RaceResultScene
  Gallop.StaticVariableDefine.Race.RaceResultRankList
  Gallop.StaticVariableDefine.Race.RaceResultListPyramid
  Gallop.StaticVariableDefine.Race.RaceTitlePlayerTweenAnimationTeamStadium
  Gallop.StaticVariableDefine.Race.MessagePlateTeamStadium
  Gallop.StaticVariableDefine.Race.ChallengeMatchRaceResultHorsePoint
  Gallop.StaticVariableDefine.Race.TeamStadiumScorePlate
  Gallop.StaticVariableDefine.Race.TeamStadiumScoreEffect
  Gallop.StaticVariableDefine.Race.TeamStadiumRaceResultTeamScore
  Gallop.StaticVariableDefine.Race.TeamStadiumRaceResultHorseScore
  Gallop.StaticVariableDefine.RoomMatch.DialogRoomMatchHostEntryRoomSetting
  Gallop.StaticVariableDefine.RoomMatch.RoomMatchLobby3D
  Gallop.StaticVariableDefine.RoomMatch.RoomMatchLobbyViewController
  Gallop.StaticVariableDefine.RoomMatch.RoomMatchHubViewController
  Gallop.StaticVariableDefine.RoomMatch
  Gallop.StaticVariableDefine.TeamStadium.DialogTeamStadiumConfirmReleaseChara
  Gallop.StaticVariableDefine.TeamStadium.TeamStadiumCharacterSelectViewController
  Gallop.StaticVariableDefine.TeamStadium.TeamStadiumGrandResultViewController
  Gallop.StaticVariableDefine.TeamStadium.DialogTeamStadiumDropItem
  Gallop.StaticVariableDefine.TeamStadium.DialogTeamStadiumAllRaceResult
  Gallop.StaticVariableDefine.TeamStadium.TeamStadiumRaceListViewController
  Gallop.StaticVariableDefine.TeamStadium.TeamStadiumDecideViewController
  Gallop.StaticVariableDefine.TeamStadium.TeamStadiumDeckViewController
  Gallop.StaticVariableDefine.TeamStadium.TeamStadiumRaceHubViewController
  Gallop.StaticVariableDefine.TeamStadium.TeamStadium3DController
  Gallop.StaticVariableDefine.TeamStadium.TeamStadiumDeckHubViewController
  Gallop.StaticVariableDefine.TeamStadium.DialogTeamStadiumItemListIcon
  Gallop.StaticVariableDefine.TeamStadium.PartsTeamStadiumMemberListItem
  Gallop.StaticVariableDefine.TeamStadium
  Gallop.RaceResultCutInHelper.MaskInfo
  Gallop.RaceResultCutInHelper.Context
  Gallop.RaceResultCutInHelper.ConditionIndex
  Gallop.RaceResultCutInHelper
  Gallop.Live.Director.LiveLoadSettings.RaceInfo
--- umamusume.Http ---
  Gallop.ChampionsGetRaceResultChartRequest
  Gallop.ChampionsGetRaceResultChartResponse.CommonResponse
  Gallop.ChampionsGetRaceResultChartResponse
  Gallop.ChampionsGetRaceResultChartTask
  Gallop.CircleChatInviteRoomMatchRequest
  Gallop.CircleChatInviteRoomMatchResponse.CommonResponse
  Gallop.CircleChatInviteRoomMatchResponse
  Gallop.CircleChatInviteRoomMatchTask
  Gallop.DebugRaceInfoLoadRequest
  Gallop.DebugRaceInfoLoadResponse.CommonResponse
  Gallop.DebugRaceInfoLoadResponse
  Gallop.DebugRaceInfoLoadTask
  Gallop.FriendGetTeamStadiumTeamDataRequest
  Gallop.FriendGetTeamStadiumTeamDataResponse.CommonResponse
  Gallop.FriendGetTeamStadiumTeamDataResponse
  Gallop.FriendGetTeamStadiumTeamDataTask
  Gallop.RoomMatchChangeAllowDisplayRequest
  Gallop.RoomMatchChangeAllowDisplayResponse.CommonResponse
  Gallop.RoomMatchChangeAllowDisplayResponse
  Gallop.RoomMatchChangeAllowDisplayTask
  Gallop.RoomMatchChangeLockRaceResultRequest
  Gallop.RoomMatchChangeLockRaceResultResponse.CommonResponse
  Gallop.RoomMatchChangeLockRaceResultResponse
  Gallop.RoomMatchChangeLockRaceResultTask
  Gallop.RoomMatchCreateRoomRequest
  Gallop.RoomMatchCreateRoomResponse.CommonResponse
  Gallop.RoomMatchCreateRoomResponse
  Gallop.RoomMatchCreateRoomTask
  Gallop.RoomMatchCreateRoomSimpleRequest
  Gallop.RoomMatchCreateRoomSimpleResponse.CommonResponse
  Gallop.RoomMatchCreateRoomSimpleResponse
  Gallop.RoomMatchCreateRoomSimpleTask
  Gallop.RoomMatchDeleteRaceResultRequest
  Gallop.RoomMatchDeleteRaceResultResponse.CommonResponse
  Gallop.RoomMatchDeleteRaceResultResponse
  Gallop.RoomMatchDeleteRaceResultTask
  Gallop.RoomMatchDestroyRoomRequest
  Gallop.RoomMatchDestroyRoomResponse.CommonResponse
  Gallop.RoomMatchDestroyRoomResponse
  Gallop.RoomMatchDestroyRoomTask
  Gallop.RoomMatchEditRoomRequest
  Gallop.RoomMatchEditRoomResponse.CommonResponse
  Gallop.RoomMatchEditRoomResponse
  Gallop.RoomMatchEditRoomTask
  Gallop.RoomMatchEnterWaitingRoomRequest
  Gallop.RoomMatchEnterWaitingRoomResponse.CommonResponse
  Gallop.RoomMatchEnterWaitingRoomResponse
  Gallop.RoomMatchEnterWaitingRoomTask
  Gallop.RoomMatchEntryRoomRequest
  Gallop.RoomMatchEntryRoomResponse.CommonResponse
  Gallop.RoomMatchEntryRoomResponse
  Gallop.RoomMatchEntryRoomTask
  Gallop.RoomMatchForceRaceStartRequest
  Gallop.RoomMatchForceRaceStartResponse.CommonResponse
  Gallop.RoomMatchForceRaceStartResponse
  Gallop.RoomMatchForceRaceStartTask
  Gallop.RoomMatchGetEntryRoomListRequest
  Gallop.RoomMatchGetEntryRoomListResponse.CommonResponse
  Gallop.RoomMatchGetEntryRoomListResponse
  Gallop.RoomMatchGetEntryRoomListTask
  Gallop.RoomMatchGetFriendListRequest
  Gallop.RoomMatchGetFriendListResponse.CommonResponse
  Gallop.RoomMatchGetFriendListResponse
  Gallop.RoomMatchGetFriendListTask
  Gallop.RoomMatchGetSavedRaceResultRequest
  Gallop.RoomMatchGetSavedRaceResultResponse.CommonResponse
  Gallop.RoomMatchGetSavedRaceResultResponse
  Gallop.RoomMatchGetSavedRaceResultTask
  Gallop.RoomMatchGetSavedRaceResultListRequest
  Gallop.RoomMatchGetSavedRaceResultListResponse.CommonResponse
  Gallop.RoomMatchGetSavedRaceResultListResponse
  Gallop.RoomMatchGetSavedRaceResultListTask
  Gallop.RoomMatchIndexRequest
  Gallop.RoomMatchIndexResponse.CommonResponse
  Gallop.RoomMatchIndexResponse
  Gallop.RoomMatchIndexTask
  Gallop.RoomMatchLeaveRoomRequest
  Gallop.RoomMatchLeaveRoomResponse.CommonResponse
  Gallop.RoomMatchLeaveRoomResponse
  Gallop.RoomMatchLeaveRoomTask
  Gallop.RoomMatchLeaveWatchingRequest
  Gallop.RoomMatchLeaveWatchingResponse.CommonResponse
  Gallop.RoomMatchLeaveWatchingResponse
  Gallop.RoomMatchLeaveWatchingTask
  Gallop.RoomMatchPollingRequest
  Gallop.RoomMatchPollingResponse.CommonResponse
  Gallop.RoomMatchPollingResponse
  Gallop.RoomMatchPollingTask
  Gallop.RoomMatchRaceChangePresetNameRequest
  Gallop.RoomMatchRaceChangePresetNameResponse.CommonResponse
  Gallop.RoomMatchRaceChangePresetNameResponse
  Gallop.RoomMatchRaceChangePresetNameTask
  Gallop.RoomMatchRaceEndResultRequest
  Gallop.RoomMatchRaceEndResultResponse.CommonResponse
  Gallop.RoomMatchRaceEndResultResponse
  Gallop.RoomMatchRaceEndResultTask
  Gallop.RoomMatchRaceGetPresetArrayRequest
  Gallop.RoomMatchRaceGetPresetArrayResponse.CommonResponse
  Gallop.RoomMatchRaceGetPresetArrayResponse
  Gallop.RoomMatchRaceGetPresetArrayTask
  Gallop.RoomMatchRaceSavePresetRequest
  Gallop.RoomMatchRaceSavePresetResponse.CommonResponse
  Gallop.RoomMatchRaceSavePresetResponse
  Gallop.RoomMatchRaceSavePresetTask
  Gallop.RoomMatchRaceStartRequest
  Gallop.RoomMatchRaceStartResponse.CommonResponse
  Gallop.RoomMatchRaceStartResponse
  Gallop.RoomMatchRaceStartTask
  Gallop.RoomMatchRoomDetailRequest
  Gallop.RoomMatchRoomDetailResponse.CommonResponse
  Gallop.RoomMatchRoomDetailResponse
  Gallop.RoomMatchRoomDetailTask
  Gallop.RoomMatchRoomListRequest
  Gallop.RoomMatchRoomListResponse.CommonResponse
  Gallop.RoomMatchRoomListResponse
  Gallop.RoomMatchRoomListTask
  Gallop.RoomMatchRoomSearchRequest
  Gallop.RoomMatchRoomSearchResponse.CommonResponse
  Gallop.RoomMatchRoomSearchResponse
  Gallop.RoomMatchRoomSearchTask
  Gallop.RoomMatchWatchRoomRequest
  Gallop.RoomMatchWatchRoomResponse.CommonResponse
  Gallop.RoomMatchWatchRoomResponse
  Gallop.RoomMatchWatchRoomTask
  Gallop.TeamBuildingRaceResultRequest
  Gallop.TeamBuildingRaceResultResponse.CommonResponse
  Gallop.TeamBuildingRaceResultResponse
  Gallop.TeamBuildingRaceResultTask
  Gallop.TeamStadiumAllRaceEndRequest
  Gallop.TeamStadiumAllRaceEndResponse.CommonResponse
  Gallop.TeamStadiumAllRaceEndResponse
  Gallop.TeamStadiumAllRaceEndTask
  Gallop.TeamStadiumDecideFrameOrderRequest
  Gallop.TeamStadiumDecideFrameOrderResponse.CommonResponse
  Gallop.TeamStadiumDecideFrameOrderResponse
  Gallop.TeamStadiumDecideFrameOrderTask
  Gallop.TeamStadiumIndexRequest
  Gallop.TeamStadiumIndexResponse.CommonResponse
  Gallop.TeamStadiumIndexResponse
  Gallop.TeamStadiumIndexTask
  Gallop.TeamStadiumOpponentListRequest
  Gallop.TeamStadiumOpponentListResponse.CommonResponse
  Gallop.TeamStadiumOpponentListResponse
  Gallop.TeamStadiumOpponentListTask
  Gallop.TeamStadiumRankingRequest
  Gallop.TeamStadiumRankingResponse.CommonResponse
  Gallop.TeamStadiumRankingResponse
  Gallop.TeamStadiumRankingTask
  Gallop.TeamStadiumReplayCheckRequest
  Gallop.TeamStadiumReplayCheckResponse.CommonResponse
  Gallop.TeamStadiumReplayCheckResponse
  Gallop.TeamStadiumReplayCheckTask
  Gallop.TeamStadiumStartRequest
  Gallop.TeamStadiumStartResponse.CommonResponse
  Gallop.TeamStadiumStartResponse
  Gallop.TeamStadiumStartTask
  Gallop.TeamStadiumTeamEditRequest
  Gallop.TeamStadiumTeamEditResponse.CommonResponse
  Gallop.TeamStadiumTeamEditResponse
  Gallop.TeamStadiumTeamEditTask
  Gallop.TeamStadiumUserDetailRequest
  Gallop.TeamStadiumUserDetailResponse.CommonResponse
  Gallop.TeamStadiumUserDetailResponse
  Gallop.TeamStadiumUserDetailTask
  Gallop.ChampionsRaceResult
  Gallop.HeroesFinalRaceHorseInfo
  Gallop.HeroesFinalRaceInfo
  Gallop.HeroesFinalRaceResultInfo
  Gallop.PracticeRaceSavedRaceInfo
  Gallop.RaceHorseData
  Gallop.RaceHorseDataRaceResult
  Gallop.RaceResultData
  Gallop.RaceResultInfo
  Gallop.RoomMatchEntryChara
  Gallop.RoomMatchRestrictCharaInfo
  Gallop.RoomMatchRoomInfo
  Gallop.RoomMatchSavedRoomInfo
  Gallop.RoomMatchTrainedChara
  Gallop.RoomMatchUser
  Gallop.RoomMatchUserDetail
  Gallop.SingleModeReservedRaceInfo
  Gallop.SingleModeRivalRaceInfo
  Gallop.SingleModeTeamRaceResult
  Gallop.TeamBuildingSpecialRaceInfo
  Gallop.TeamStadiumAddFanInfo
  Gallop.TeamStadiumBonusData
  Gallop.TeamStadiumBorderLine
  Gallop.TeamStadiumFrameOrder
  Gallop.TeamStadiumOpponent
  Gallop.TeamStadiumRaceCharaResult
  Gallop.TeamStadiumRaceResult
  Gallop.TeamStadiumRaceStartParams
  Gallop.TeamStadiumRandomInfo
  Gallop.TeamStadiumRanking
  Gallop.TeamStadiumResultBonusData
  Gallop.TeamStadiumResultHorseScore
  Gallop.TeamStadiumResultScoreData
  Gallop.TeamStadiumResultTeam
  Gallop.TeamStadiumScoreData
  Gallop.TeamStadiumTeamData
  Gallop.TeamStadiumTeamDataAtFriend
  Gallop.TeamStadiumTotalScoreInfo
  Gallop.TeamStadiumUser
  Gallop.TeamStadiumWinningRewardContent
  Gallop.TeamStadiumWinningRewardInfo
  Gallop.TrainedCharaRaceResult
  Gallop.MsgPack.Formatters.ChampionsGetRaceResultChartRequestFormatter
  Gallop.MsgPack.Formatters.ChampionsGetRaceResultChartResponseFormatter
  Gallop.MsgPack.Formatters.ChampionsGetRaceResultChartResponse_CommonResponseFormatter
  Gallop.MsgPack.Formatters.ChampionsRaceResultFormatter
  Gallop.MsgPack.Formatters.CircleChatInviteRoomMatchRequestFormatter
  Gallop.MsgPack.Formatters.CircleChatInviteRoomMatchResponseFormatter
  Gallop.MsgPack.Formatters.CircleChatInviteRoomMatchResponse_CommonResponseFormatter
  Gallop.MsgPack.Formatters.DebugRaceInfoLoadRequestFormatter
  Gallop.MsgPack.Formatters.DebugRaceInfoLoadResponseFormatter
  Gallop.MsgPack.Formatters.DebugRaceInfoLoadResponse_CommonResponseFormatter
  Gallop.MsgPack.Formatters.FriendGetTeamStadiumTeamDataRequestFormatter
  Gallop.MsgPack.Formatters.FriendGetTeamStadiumTeamDataResponseFormatter
  Gallop.MsgPack.Formatters.FriendGetTeamStadiumTeamDataResponse_CommonResponseFormatter
  Gallop.MsgPack.Formatters.HeroesFinalRaceHorseInfoFormatter
  Gallop.MsgPack.Formatters.HeroesFinalRaceInfoFormatter
  Gallop.MsgPack.Formatters.HeroesFinalRaceResultInfoFormatter
  Gallop.MsgPack.Formatters.PracticeRaceSavedRaceInfoFormatter
  Gallop.MsgPack.Formatters.RaceHorseDataFormatter
  Gallop.MsgPack.Formatters.RaceHorseDataRaceResultFormatter
  Gallop.MsgPack.Formatters.RaceResultDataFormatter
  Gallop.MsgPack.Formatters.RaceResultInfoFormatter
  Gallop.MsgPack.Formatters.RoomMatchChangeAllowDisplayRequestFormatter
  Gallop.MsgPack.Formatters.RoomMatchChangeAllowDisplayResponseFormatter
  Gallop.MsgPack.Formatters.RoomMatchChangeAllowDisplayResponse_CommonResponseFormatter
  Gallop.MsgPack.Formatters.RoomMatchChangeLockRaceResultRequestFormatter
  Gallop.MsgPack.Formatters.RoomMatchChangeLockRaceResultResponseFormatter
  Gallop.MsgPack.Formatters.RoomMatchChangeLockRaceResultResponse_CommonResponseFormatter
  Gallop.MsgPack.Formatters.RoomMatchCreateRoomRequestFormatter
  Gallop.MsgPack.Formatters.RoomMatchCreateRoomResponseFormatter
  Gallop.MsgPack.Formatters.RoomMatchCreateRoomResponse_CommonResponseFormatter
  Gallop.MsgPack.Formatters.RoomMatchCreateRoomSimpleRequestFormatter
  Gallop.MsgPack.Formatters.RoomMatchCreateRoomSimpleResponseFormatter
  Gallop.MsgPack.Formatters.RoomMatchCreateRoomSimpleResponse_CommonResponseFormatter
  Gallop.MsgPack.Formatters.RoomMatchDeleteRaceResultRequestFormatter
  Gallop.MsgPack.Formatters.RoomMatchDeleteRaceResultResponseFormatter
  Gallop.MsgPack.Formatters.RoomMatchDeleteRaceResultResponse_CommonResponseFormatter
  Gallop.MsgPack.Formatters.RoomMatchDestroyRoomRequestFormatter
  Gallop.MsgPack.Formatters.RoomMatchDestroyRoomResponseFormatter
  Gallop.MsgPack.Formatters.RoomMatchDestroyRoomResponse_CommonResponseFormatter
  Gallop.MsgPack.Formatters.RoomMatchEditRoomRequestFormatter
  Gallop.MsgPack.Formatters.RoomMatchEditRoomResponseFormatter
  Gallop.MsgPack.Formatters.RoomMatchEditRoomResponse_CommonResponseFormatter
  Gallop.MsgPack.Formatters.RoomMatchEnterWaitingRoomRequestFormatter
  Gallop.MsgPack.Formatters.RoomMatchEnterWaitingRoomResponseFormatter
  Gallop.MsgPack.Formatters.RoomMatchEnterWaitingRoomResponse_CommonResponseFormatter
  Gallop.MsgPack.Formatters.RoomMatchEntryCharaFormatter
  Gallop.MsgPack.Formatters.RoomMatchEntryRoomRequestFormatter
  Gallop.MsgPack.Formatters.RoomMatchEntryRoomResponseFormatter
  Gallop.MsgPack.Formatters.RoomMatchEntryRoomResponse_CommonResponseFormatter
  Gallop.MsgPack.Formatters.RoomMatchForceRaceStartRequestFormatter
  Gallop.MsgPack.Formatters.RoomMatchForceRaceStartResponseFormatter
  Gallop.MsgPack.Formatters.RoomMatchForceRaceStartResponse_CommonResponseFormatter
  Gallop.MsgPack.Formatters.RoomMatchGetEntryRoomListRequestFormatter
  Gallop.MsgPack.Formatters.RoomMatchGetEntryRoomListResponseFormatter
  Gallop.MsgPack.Formatters.RoomMatchGetEntryRoomListResponse_CommonResponseFormatter
  Gallop.MsgPack.Formatters.RoomMatchGetFriendListRequestFormatter
  Gallop.MsgPack.Formatters.RoomMatchGetFriendListResponseFormatter
  Gallop.MsgPack.Formatters.RoomMatchGetFriendListResponse_CommonResponseFormatter
  Gallop.MsgPack.Formatters.RoomMatchGetSavedRaceResultListRequestFormatter
  Gallop.MsgPack.Formatters.RoomMatchGetSavedRaceResultListResponseFormatter
  Gallop.MsgPack.Formatters.RoomMatchGetSavedRaceResultListResponse_CommonResponseFormatter
  Gallop.MsgPack.Formatters.RoomMatchGetSavedRaceResultRequestFormatter
  Gallop.MsgPack.Formatters.RoomMatchGetSavedRaceResultResponseFormatter
  Gallop.MsgPack.Formatters.RoomMatchGetSavedRaceResultResponse_CommonResponseFormatter
  Gallop.MsgPack.Formatters.RoomMatchIndexRequestFormatter
  Gallop.MsgPack.Formatters.RoomMatchIndexResponseFormatter
  Gallop.MsgPack.Formatters.RoomMatchIndexResponse_CommonResponseFormatter
  Gallop.MsgPack.Formatters.RoomMatchLeaveRoomRequestFormatter
  Gallop.MsgPack.Formatters.RoomMatchLeaveRoomResponseFormatter
  Gallop.MsgPack.Formatters.RoomMatchLeaveRoomResponse_CommonResponseFormatter
  Gallop.MsgPack.Formatters.RoomMatchLeaveWatchingRequestFormatter
  Gallop.MsgPack.Formatters.RoomMatchLeaveWatchingResponseFormatter
  Gallop.MsgPack.Formatters.RoomMatchLeaveWatchingResponse_CommonResponseFormatter
  Gallop.MsgPack.Formatters.RoomMatchPollingRequestFormatter
  Gallop.MsgPack.Formatters.RoomMatchPollingResponseFormatter
  Gallop.MsgPack.Formatters.RoomMatchPollingResponse_CommonResponseFormatter
  Gallop.MsgPack.Formatters.RoomMatchRaceChangePresetNameRequestFormatter
  Gallop.MsgPack.Formatters.RoomMatchRaceChangePresetNameResponseFormatter
  Gallop.MsgPack.Formatters.RoomMatchRaceChangePresetNameResponse_CommonResponseFormatter
  Gallop.MsgPack.Formatters.RoomMatchRaceEndResultRequestFormatter
  Gallop.MsgPack.Formatters.RoomMatchRaceEndResultResponseFormatter
  Gallop.MsgPack.Formatters.RoomMatchRaceEndResultResponse_CommonResponseFormatter
  Gallop.MsgPack.Formatters.RoomMatchRaceGetPresetArrayRequestFormatter
  Gallop.MsgPack.Formatters.RoomMatchRaceGetPresetArrayResponseFormatter
  Gallop.MsgPack.Formatters.RoomMatchRaceGetPresetArrayResponse_CommonResponseFormatter
  Gallop.MsgPack.Formatters.RoomMatchRaceSavePresetRequestFormatter
  Gallop.MsgPack.Formatters.RoomMatchRaceSavePresetResponseFormatter
  Gallop.MsgPack.Formatters.RoomMatchRaceSavePresetResponse_CommonResponseFormatter
  Gallop.MsgPack.Formatters.RoomMatchRaceStartRequestFormatter
  Gallop.MsgPack.Formatters.RoomMatchRaceStartResponseFormatter
  Gallop.MsgPack.Formatters.RoomMatchRaceStartResponse_CommonResponseFormatter
  Gallop.MsgPack.Formatters.RoomMatchRestrictCharaInfoFormatter
  Gallop.MsgPack.Formatters.RoomMatchRoomDetailRequestFormatter
  Gallop.MsgPack.Formatters.RoomMatchRoomDetailResponseFormatter
  Gallop.MsgPack.Formatters.RoomMatchRoomDetailResponse_CommonResponseFormatter
  Gallop.MsgPack.Formatters.RoomMatchRoomInfoFormatter
  Gallop.MsgPack.Formatters.RoomMatchRoomListRequestFormatter
  Gallop.MsgPack.Formatters.RoomMatchRoomListResponseFormatter
  Gallop.MsgPack.Formatters.RoomMatchRoomListResponse_CommonResponseFormatter
  Gallop.MsgPack.Formatters.RoomMatchRoomSearchRequestFormatter
  Gallop.MsgPack.Formatters.RoomMatchRoomSearchResponseFormatter
  Gallop.MsgPack.Formatters.RoomMatchRoomSearchResponse_CommonResponseFormatter
  Gallop.MsgPack.Formatters.RoomMatchSavedRoomInfoFormatter
  Gallop.MsgPack.Formatters.RoomMatchTrainedCharaFormatter
  Gallop.MsgPack.Formatters.RoomMatchUserDetailFormatter
  Gallop.MsgPack.Formatters.RoomMatchUserFormatter
  Gallop.MsgPack.Formatters.RoomMatchWatchRoomRequestFormatter
  Gallop.MsgPack.Formatters.RoomMatchWatchRoomResponseFormatter
  Gallop.MsgPack.Formatters.RoomMatchWatchRoomResponse_CommonResponseFormatter
  Gallop.MsgPack.Formatters.SingleModeReservedRaceInfoFormatter
  Gallop.MsgPack.Formatters.SingleModeRivalRaceInfoFormatter
  Gallop.MsgPack.Formatters.SingleModeTeamRaceResultFormatter
  Gallop.MsgPack.Formatters.TeamBuildingRaceResultRequestFormatter
  Gallop.MsgPack.Formatters.TeamBuildingRaceResultResponseFormatter
  Gallop.MsgPack.Formatters.TeamBuildingRaceResultResponse_CommonResponseFormatter
  Gallop.MsgPack.Formatters.TeamBuildingSpecialRaceInfoFormatter
  Gallop.MsgPack.Formatters.TeamStadiumAddFanInfoFormatter
  Gallop.MsgPack.Formatters.TeamStadiumAllRaceEndRequestFormatter
  Gallop.MsgPack.Formatters.TeamStadiumAllRaceEndResponseFormatter
  Gallop.MsgPack.Formatters.TeamStadiumAllRaceEndResponse_CommonResponseFormatter
  Gallop.MsgPack.Formatters.TeamStadiumBonusDataFormatter
  Gallop.MsgPack.Formatters.TeamStadiumBorderLineFormatter
  Gallop.MsgPack.Formatters.TeamStadiumDecideFrameOrderRequestFormatter
  Gallop.MsgPack.Formatters.TeamStadiumDecideFrameOrderResponseFormatter
  Gallop.MsgPack.Formatters.TeamStadiumDecideFrameOrderResponse_CommonResponseFormatter
  Gallop.MsgPack.Formatters.TeamStadiumFrameOrderFormatter
  Gallop.MsgPack.Formatters.TeamStadiumIndexRequestFormatter
  Gallop.MsgPack.Formatters.TeamStadiumIndexResponseFormatter
  Gallop.MsgPack.Formatters.TeamStadiumIndexResponse_CommonResponseFormatter
  Gallop.MsgPack.Formatters.TeamStadiumOpponentFormatter
  Gallop.MsgPack.Formatters.TeamStadiumOpponentListRequestFormatter
  Gallop.MsgPack.Formatters.TeamStadiumOpponentListResponseFormatter
  Gallop.MsgPack.Formatters.TeamStadiumOpponentListResponse_CommonResponseFormatter
  Gallop.MsgPack.Formatters.TeamStadiumRaceCharaResultFormatter
  Gallop.MsgPack.Formatters.TeamStadiumRaceResultFormatter
  Gallop.MsgPack.Formatters.TeamStadiumRaceStartParamsFormatter
  Gallop.MsgPack.Formatters.TeamStadiumRandomInfoFormatter
  Gallop.MsgPack.Formatters.TeamStadiumRankingFormatter
  Gallop.MsgPack.Formatters.TeamStadiumRankingRequestFormatter
  Gallop.MsgPack.Formatters.TeamStadiumRankingResponseFormatter
  Gallop.MsgPack.Formatters.TeamStadiumRankingResponse_CommonResponseFormatter
  Gallop.MsgPack.Formatters.TeamStadiumReplayCheckRequestFormatter
  Gallop.MsgPack.Formatters.TeamStadiumReplayCheckResponseFormatter
  Gallop.MsgPack.Formatters.TeamStadiumReplayCheckResponse_CommonResponseFormatter
  Gallop.MsgPack.Formatters.TeamStadiumResultBonusDataFormatter
  Gallop.MsgPack.Formatters.TeamStadiumResultHorseScoreFormatter
  Gallop.MsgPack.Formatters.TeamStadiumResultScoreDataFormatter
  Gallop.MsgPack.Formatters.TeamStadiumResultTeamFormatter
  Gallop.MsgPack.Formatters.TeamStadiumScoreDataFormatter
  Gallop.MsgPack.Formatters.TeamStadiumStartRequestFormatter
  Gallop.MsgPack.Formatters.TeamStadiumStartResponseFormatter
  Gallop.MsgPack.Formatters.TeamStadiumStartResponse_CommonResponseFormatter
  Gallop.MsgPack.Formatters.TeamStadiumTeamDataAtFriendFormatter
  Gallop.MsgPack.Formatters.TeamStadiumTeamDataFormatter
  Gallop.MsgPack.Formatters.TeamStadiumTeamEditRequestFormatter
  Gallop.MsgPack.Formatters.TeamStadiumTeamEditResponseFormatter
  Gallop.MsgPack.Formatters.TeamStadiumTeamEditResponse_CommonResponseFormatter
  Gallop.MsgPack.Formatters.TeamStadiumTotalScoreInfoFormatter
  Gallop.MsgPack.Formatters.TeamStadiumUserDetailRequestFormatter
  Gallop.MsgPack.Formatters.TeamStadiumUserDetailResponseFormatter
  Gallop.MsgPack.Formatters.TeamStadiumUserDetailResponse_CommonResponseFormatter
  Gallop.MsgPack.Formatters.TeamStadiumUserFormatter
  Gallop.MsgPack.Formatters.TeamStadiumWinningRewardContentFormatter
  Gallop.MsgPack.Formatters.TeamStadiumWinningRewardInfoFormatter
  Gallop.MsgPack.Formatters.TrainedCharaRaceResultFormatter

Total candidates: 1490
[!] Too many candidates (1490 > cap 40). Narrow the KEYWORDS filter or raise cap in scout.

[+] scout complete
